
Allocating common symbols
Common symbol       size              file

kbd_buf             0x70              build/keyboard.o
thread_ready_list   0x10              build/thread.o
thread_all_list     0x10              build/thread.o
user_pool           0x2c              build/memory.o
intr_name           0x204             build/interrupt.o
main_thread         0x4               build/thread.o
ticks               0x4               build/timer.o
kernel_vaddr        0xc               build/memory.o
syscall_table       0x80              build/syscall-init.o
idt_table           0x204             build/interrupt.o
kernel_pool         0x2c              build/memory.o
pid_lock            0x1c              build/thread.o

Discarded input sections

 .note.GNU-stack
                0x0000000000000000        0x0 build/main.o
 .note.GNU-stack
                0x0000000000000000        0x0 build/init.o
 .note.GNU-stack
                0x0000000000000000        0x0 build/interrupt.o
 .note.GNU-stack
                0x0000000000000000        0x0 build/timer.o
 .note.GNU-stack
                0x0000000000000000        0x0 build/debug.o
 .note.GNU-stack
                0x0000000000000000        0x0 build/string.o
 .note.GNU-stack
                0x0000000000000000        0x0 build/bitmap.o
 .note.GNU-stack
                0x0000000000000000        0x0 build/memory.o
 .note.GNU-stack
                0x0000000000000000        0x0 build/thread.o
 .note.GNU-stack
                0x0000000000000000        0x0 build/list.o
 .note.GNU-stack
                0x0000000000000000        0x0 build/sync.o
 .note.GNU-stack
                0x0000000000000000        0x0 build/console.o
 .note.GNU-stack
                0x0000000000000000        0x0 build/keyboard.o
 .note.GNU-stack
                0x0000000000000000        0x0 build/ioqueue.o
 .note.GNU-stack
                0x0000000000000000        0x0 build/tss.o
 .note.GNU-stack
                0x0000000000000000        0x0 build/process.o
 .note.GNU-stack
                0x0000000000000000        0x0 build/syscall.o
 .note.GNU-stack
                0x0000000000000000        0x0 build/syscall-init.o

Memory Configuration

Name             Origin             Length             Attributes
*default*        0x0000000000000000 0xffffffffffffffff

Linker script and memory map

Address of section .text set to 0xc0001200
LOAD build/main.o
LOAD build/init.o
LOAD build/interrupt.o
LOAD build/print.o
LOAD build/kernel.o
LOAD build/timer.o
LOAD build/debug.o
LOAD build/string.o
LOAD build/bitmap.o
LOAD build/memory.o
LOAD build/thread.o
LOAD build/list.o
LOAD build/switch.o
LOAD build/sync.o
LOAD build/console.o
LOAD build/keyboard.o
LOAD build/ioqueue.o
LOAD build/tss.o
LOAD build/process.o
LOAD build/syscall.o
LOAD build/syscall-init.o
                [!provide]                        PROVIDE (__executable_start, 0x8048000)
                0x0000000008048094                . = (0x8048000 + SIZEOF_HEADERS)

.interp
 *(.interp)

.note.gnu.build-id
 *(.note.gnu.build-id)

.hash
 *(.hash)

.gnu.hash
 *(.gnu.hash)

.dynsym
 *(.dynsym)

.dynstr
 *(.dynstr)

.gnu.version
 *(.gnu.version)

.gnu.version_d
 *(.gnu.version_d)

.gnu.version_r
 *(.gnu.version_r)

.rel.dyn        0x0000000008048094        0x0
 *(.rel.init)
 *(.rel.text .rel.text.* .rel.gnu.linkonce.t.*)
 .rel.text      0x0000000008048094        0x0 build/main.o
 *(.rel.fini)
 *(.rel.rodata .rel.rodata.* .rel.gnu.linkonce.r.*)
 *(.rel.data.rel.ro .rel.data.rel.ro.* .rel.gnu.linkonce.d.rel.ro.*)
 *(.rel.data .rel.data.* .rel.gnu.linkonce.d.*)
 *(.rel.tdata .rel.tdata.* .rel.gnu.linkonce.td.*)
 *(.rel.tbss .rel.tbss.* .rel.gnu.linkonce.tb.*)
 *(.rel.ctors)
 *(.rel.dtors)
 *(.rel.got)
 *(.rel.bss .rel.bss.* .rel.gnu.linkonce.b.*)
 *(.rel.ifunc)

.rel.plt        0x0000000008048094        0x0
 *(.rel.plt)
                [!provide]                        PROVIDE (__rel_iplt_start, .)
 *(.rel.iplt)
 .rel.iplt      0x0000000008048094        0x0 build/main.o
                [!provide]                        PROVIDE (__rel_iplt_end, .)

.init
 *(SORT(.init))

.plt            0x00000000080480a0        0x0
 *(.plt)
 *(.iplt)
 .iplt          0x00000000080480a0        0x0 build/main.o

.plt.got
 *(.plt.got)

.text           0x00000000c0001200     0x329c
 *(.text.unlikely .text.*_unlikely .text.unlikely.*)
 *(.text.exit .text.exit.*)
 *(.text.startup .text.startup.*)
 *(.text.hot .text.hot.*)
 *(.text .stub .text.* .gnu.linkonce.t.*)
 .text          0x00000000c0001200      0x1a3 build/main.o
                0x00000000c0001200                main
                0x00000000c00012b7                k_kernel_a
                0x00000000c000131b                k_kernel_b
                0x00000000c000137f                u_prog_a
                0x00000000c0001391                u_prog_b
 .text          0x00000000c00013a3       0x51 build/init.o
                0x00000000c00013a3                init_all
 .text          0x00000000c00013f4      0x432 build/interrupt.o
                0x00000000c000170a                intr_disable
                0x00000000c0001733                intr_enable
                0x00000000c000175c                intr_get_status
                0x00000000c0001780                intr_set_status
                0x00000000c000179e                register_handler
                0x00000000c00017bb                idt_init
 *fill*         0x00000000c0001826        0xa 
 .text          0x00000000c0001830      0x172 build/print.o
                0x00000000c0001830                put_int
                0x00000000c0001893                put_str
                0x00000000c00018b1                put_char
                0x00000000c000197e                set_cursor
 *fill*         0x00000000c00019a2        0xe 
 .text          0x00000000c00019b0      0x3f9 build/kernel.o
                0x00000000c00019b0                intr_exit
                0x00000000c0001d85                syscall_handler
 .text          0x00000000c0001da9      0x170 build/timer.o
                0x00000000c0001ec6                timer_init
 .text          0x00000000c0001f19       0xd6 build/debug.o
                0x00000000c0001f19                panic_spin
 .text          0x00000000c0001fef      0x3d0 build/string.o
                0x00000000c0001fef                memset
                0x00000000c0002041                memcpy
                0x00000000c00020a1                memcmp
                0x00000000c0002124                strcpy
                0x00000000c0002179                strlen
                0x00000000c00021c4                strcmp
                0x00000000c000223d                strchr
                0x00000000c0002295                strrchr
                0x00000000c00022f3                strcat
                0x00000000c000235d                strchrs
 .text          0x00000000c00023bf      0x24a build/bitmap.o
                0x00000000c00023bf                bitmap_init
                0x00000000c00023e2                bitmap_scan_test
                0x00000000c0002423                bitmap_scan
                0x00000000c0002558                bitmap_set
 .text          0x00000000c0002609      0x7e0 build/memory.o
                0x00000000c000293e                pte_ptr
                0x00000000c000296e                pde_ptr
                0x00000000c0002aed                malloc_page
                0x00000000c0002b84                get_kernel_pages
                0x00000000c0002bbf                get_user_pages
                0x00000000c0002c14                get_a_page
                0x00000000c0002d72                addr_v2p
                0x00000000c0002da8                mem_init
 .text          0x00000000c0002de9      0x5b5 build/thread.o
                0x00000000c0002e44                thread_create
                0x00000000c0002ebb                init_thread
                0x00000000c0002f5c                thread_start
                0x00000000c0003035                running_thread
                0x00000000c00030c4                schedule
                0x00000000c00031e3                thread_block
                0x00000000c0003246                thread_unblock
                0x00000000c0003340                thread_init
 .text          0x00000000c000339e      0x1ee build/list.o
                0x00000000c000339e                list_init
                0x00000000c00033cc                list_inster_before
                0x00000000c0003411                list_push
                0x00000000c000342f                list_append
                0x00000000c000344d                list_remove
                0x00000000c0003487                list_pop
                0x00000000c00034a9                elem_find
                0x00000000c00034e4                list_empty
                0x00000000c00034fd                list_len
                0x00000000c0003532                list_traversal
 *fill*         0x00000000c000358c        0x4 
 .text          0x00000000c0003590       0x15 build/switch.o
                0x00000000c0003590                switch_to
 .text          0x00000000c00035a5      0x313 build/sync.o
                0x00000000c00035a5                sema_init
                0x00000000c00035cf                lock_init
                0x00000000c00035ff                sema_down
                0x00000000c00036fa                sema_up
                0x00000000c00037a9                lock_acquire
                0x00000000c0003820                lock_release
 .text          0x00000000c00038b8       0xb6 build/console.o
                0x00000000c00038b8                console_init
                0x00000000c00038d1                console_acquire
                0x00000000c00038ea                console_release
                0x00000000c0003903                console_put_str
                0x00000000c0003924                console_put_char
                0x00000000c000394d                console_put_int
 .text          0x00000000c000396e      0x2e6 build/keyboard.o
                0x00000000c0003c09                keyboard_init
 .text          0x00000000c0003c54      0x2ee build/ioqueue.o
                0x00000000c0003c54                ioqueue_init
                0x00000000c0003cb4                ioq_full
                0x00000000c0003dcd                ioq_getchar
                0x00000000c0003e86                ioq_putchar
 .text          0x00000000c0003f42      0x1ac build/tss.o
                0x00000000c0003f42                update_tss_esp
                0x00000000c0003fc4                tss_init
 .text          0x00000000c00040ee      0x354 build/process.o
                0x00000000c00040ee                start_process
                0x00000000c00041f2                page_dir_activate
                0x00000000c0004227                process_activate
                0x00000000c0004275                create_page_dir
                0x00000000c00042ed                create_user_vaddr_bitmap
                0x00000000c0004339                process_execute
 .text          0x00000000c0004442       0x15 build/syscall.o
                0x00000000c0004442                getpid
 .text          0x00000000c0004457       0x45 build/syscall-init.o
                0x00000000c0004457                sys_getpid
                0x00000000c0004469                syscall_init
 *(.gnu.warning)

.fini
 *(SORT(.fini))
                [!provide]                        PROVIDE (__etext, .)
                [!provide]                        PROVIDE (_etext, .)
                [!provide]                        PROVIDE (etext, .)

.rodata         0x00000000c000449c      0xc0b
 *(.rodata .rodata.* .gnu.linkonce.r.*)
 .rodata        0x00000000c000449c       0x99 build/main.o
 .rodata        0x00000000c0004535       0x1f build/init.o
 .rodata        0x00000000c0004554      0x1d4 build/interrupt.o
 .rodata        0x00000000c0004728       0x6b build/timer.o
 .rodata        0x00000000c0004793       0x3b build/debug.o
 *fill*         0x00000000c00047ce        0x2 
 .rodata        0x00000000c00047d0       0xc4 build/string.o
 .rodata        0x00000000c0004894       0x63 build/bitmap.o
 *fill*         0x00000000c00048f7        0x1 
 .rodata        0x00000000c00048f8      0x1af build/memory.o
 *fill*         0x00000000c0004aa7        0x1 
 .rodata        0x00000000c0004aa8      0x2af build/thread.o
 *fill*         0x00000000c0004d57        0x1 
 .rodata        0x00000000c0004d58      0x12d build/sync.o
 .rodata        0x00000000c0004e85       0x4f build/keyboard.o
 .rodata        0x00000000c0004ed4       0xa8 build/ioqueue.o
 .rodata        0x00000000c0004f7c       0x27 build/tss.o
 *fill*         0x00000000c0004fa3        0x1 
 .rodata        0x00000000c0004fa4       0xdc build/process.o
 .rodata        0x00000000c0005080       0x27 build/syscall-init.o

.rodata1
 *(.rodata1)

.eh_frame_hdr
 *(.eh_frame_hdr)
 *(.eh_frame_entry .eh_frame_entry.*)

.eh_frame       0x00000000c00050a8      0xd58
 *(.eh_frame)
 .eh_frame      0x00000000c00050a8       0xac build/main.o
 .eh_frame      0x00000000c0005154       0x20 build/init.o
                                         0x38 (size before relaxing)
 .eh_frame      0x00000000c0005174      0x184 build/interrupt.o
                                        0x19c (size before relaxing)
 .eh_frame      0x00000000c00052f8       0x88 build/timer.o
                                         0xa0 (size before relaxing)
 .eh_frame      0x00000000c0005380       0x1c build/debug.o
                                         0x34 (size before relaxing)
 .eh_frame      0x00000000c000539c      0x140 build/string.o
                                        0x158 (size before relaxing)
 .eh_frame      0x00000000c00054dc       0x8c build/bitmap.o
                                         0xa4 (size before relaxing)
 .eh_frame      0x00000000c0005568      0x180 build/memory.o
                                        0x198 (size before relaxing)
 .eh_frame      0x00000000c00056e8      0x160 build/thread.o
                                        0x178 (size before relaxing)
 .eh_frame      0x00000000c0005848      0x140 build/list.o
                                        0x158 (size before relaxing)
 .eh_frame      0x00000000c0005988       0xc8 build/sync.o
                                         0xe0 (size before relaxing)
 .eh_frame      0x00000000c0005a50       0xc0 build/console.o
                                         0xd8 (size before relaxing)
 .eh_frame      0x00000000c0005b10       0x60 build/keyboard.o
                                         0x78 (size before relaxing)
 .eh_frame      0x00000000c0005b70      0x100 build/ioqueue.o
                                        0x118 (size before relaxing)
 .eh_frame      0x00000000c0005c70       0x70 build/tss.o
                                         0x88 (size before relaxing)
 .eh_frame      0x00000000c0005ce0       0xc0 build/process.o
                                         0xd8 (size before relaxing)
 .eh_frame      0x00000000c0005da0       0x20 build/syscall.o
                                         0x38 (size before relaxing)
 .eh_frame      0x00000000c0005dc0       0x40 build/syscall-init.o
                                         0x58 (size before relaxing)
 *(.eh_frame.*)

.gcc_except_table
 *(.gcc_except_table .gcc_except_table.*)

.gnu_extab
 *(.gnu_extab*)

.exception_ranges
 *(.exception_ranges .exception_ranges*)
                0x00000000c0006000                . = DATA_SEGMENT_ALIGN (0x1000, 0x1000)

.eh_frame
 *(.eh_frame)
 *(.eh_frame.*)

.gnu_extab
 *(.gnu_extab)

.gcc_except_table
 *(.gcc_except_table .gcc_except_table.*)

.exception_ranges
 *(.exception_ranges .exception_ranges*)

.tdata
 *(.tdata .tdata.* .gnu.linkonce.td.*)

.tbss
 *(.tbss .tbss.* .gnu.linkonce.tb.*)
 *(.tcommon)

.preinit_array  0x00000000c0006000        0x0
                [!provide]                        PROVIDE (__preinit_array_start, .)
 *(.preinit_array)
                [!provide]                        PROVIDE (__preinit_array_end, .)

.init_array     0x00000000c0006000        0x0
                [!provide]                        PROVIDE (__init_array_start, .)
 *(SORT(.init_array.*) SORT(.ctors.*))
 *(.init_array EXCLUDE_FILE(*crtend?.o *crtend.o *crtbegin?.o *crtbegin.o) .ctors)
                [!provide]                        PROVIDE (__init_array_end, .)

.fini_array     0x00000000c0006000        0x0
                [!provide]                        PROVIDE (__fini_array_start, .)
 *(SORT(.fini_array.*) SORT(.dtors.*))
 *(.fini_array EXCLUDE_FILE(*crtend?.o *crtend.o *crtbegin?.o *crtbegin.o) .dtors)
                [!provide]                        PROVIDE (__fini_array_end, .)

.ctors
 *crtbegin.o(.ctors)
 *crtbegin?.o(.ctors)
 *(EXCLUDE_FILE(*crtend?.o *crtend.o) .ctors)
 *(SORT(.ctors.*))
 *(.ctors)

.dtors
 *crtbegin.o(.dtors)
 *crtbegin?.o(.dtors)
 *(EXCLUDE_FILE(*crtend?.o *crtend.o) .dtors)
 *(SORT(.dtors.*))
 *(.dtors)

.jcr
 *(.jcr)

.data.rel.ro
 *(.data.rel.ro.local* .gnu.linkonce.d.rel.ro.local.*)
 *(.data.rel.ro .data.rel.ro.* .gnu.linkonce.d.rel.ro.*)

.dynamic
 *(.dynamic)

.got
 *(.got)
 *(.igot)
                0x00000000c0006000                . = DATA_SEGMENT_RELRO_END (., (SIZEOF (.got.plt) >= 0xc)?0xc:0x0)

.got.plt        0x00000000c0006000        0x0
 *(.got.plt)
 *(.igot.plt)
 .igot.plt      0x00000000c0006000        0x0 build/main.o

.data           0x00000000c0006000      0x116
 *(.data .data.* .gnu.linkonce.d.*)
 .data          0x00000000c0006000        0x0 build/main.o
 .data          0x00000000c0006000        0x0 build/init.o
 .data          0x00000000c0006000        0x0 build/interrupt.o
 .data          0x00000000c0006000        0x8 build/print.o
 .data          0x00000000c0006008       0x8c build/kernel.o
                0x00000000c0006008                intr_entry_table
 .data          0x00000000c0006094        0x0 build/timer.o
 .data          0x00000000c0006094        0x0 build/debug.o
 .data          0x00000000c0006094        0x0 build/string.o
 .data          0x00000000c0006094        0x0 build/bitmap.o
 .data          0x00000000c0006094        0x0 build/memory.o
 .data          0x00000000c0006094        0x0 build/thread.o
 .data          0x00000000c0006094        0x0 build/list.o
 .data          0x00000000c0006094        0x0 build/sync.o
 .data          0x00000000c0006094        0x0 build/console.o
 *fill*         0x00000000c0006094        0xc 
 .data          0x00000000c00060a0       0x76 build/keyboard.o
 .data          0x00000000c0006116        0x0 build/ioqueue.o
 .data          0x00000000c0006116        0x0 build/tss.o
 .data          0x00000000c0006116        0x0 build/process.o
 .data          0x00000000c0006116        0x0 build/syscall.o
 .data          0x00000000c0006116        0x0 build/syscall-init.o

.data1
 *(.data1)
                0x00000000c0006116                _edata = .
                [!provide]                        PROVIDE (edata, .)
                0x00000000c0006116                . = .
                0x00000000c0006116                __bss_start = .

.bss            0x00000000c0006120      0xae0
 *(.dynbss)
 *(.bss .bss.* .gnu.linkonce.b.*)
 .bss           0x00000000c0006120        0x8 build/main.o
                0x00000000c0006120                prog_a_pid
                0x00000000c0006124                prog_b_pid
 .bss           0x00000000c0006128        0x0 build/init.o
 *fill*         0x00000000c0006128       0x18 
 .bss           0x00000000c0006140      0x408 build/interrupt.o
 .bss           0x00000000c0006548        0x0 build/timer.o
 .bss           0x00000000c0006548        0x0 build/debug.o
 .bss           0x00000000c0006548        0x0 build/string.o
 .bss           0x00000000c0006548        0x0 build/bitmap.o
 .bss           0x00000000c0006548        0x0 build/memory.o
 .bss           0x00000000c0006548        0x6 build/thread.o
 .bss           0x00000000c000654e        0x0 build/list.o
 .bss           0x00000000c000654e        0x0 build/sync.o
 *fill*         0x00000000c000654e        0x2 
 .bss           0x00000000c0006550       0x1c build/console.o
 .bss           0x00000000c000656c       0x14 build/keyboard.o
 .bss           0x00000000c0006580        0x0 build/ioqueue.o
 .bss           0x00000000c0006580       0x68 build/tss.o
 .bss           0x00000000c00065e8        0x0 build/process.o
 .bss           0x00000000c00065e8        0x0 build/syscall.o
 .bss           0x00000000c00065e8        0x0 build/syscall-init.o
 *(COMMON)
 *fill*         0x00000000c00065e8       0x18 
 COMMON         0x00000000c0006600      0x424 build/interrupt.o
                0x00000000c0006600                intr_name
                0x00000000c0006820                idt_table
 COMMON         0x00000000c0006a24        0x4 build/timer.o
                0x00000000c0006a24                ticks
 *fill*         0x00000000c0006a28       0x18 
 COMMON         0x00000000c0006a40       0x6c build/memory.o
                0x00000000c0006a40                user_pool
                0x00000000c0006a6c                kernel_vaddr
                0x00000000c0006a80                kernel_pool
 COMMON         0x00000000c0006aac       0x40 build/thread.o
                0x00000000c0006aac                thread_ready_list
                0x00000000c0006abc                thread_all_list
                0x00000000c0006acc                main_thread
                0x00000000c0006ad0                pid_lock
 *fill*         0x00000000c0006aec       0x14 
 COMMON         0x00000000c0006b00       0x70 build/keyboard.o
                0x00000000c0006b00                kbd_buf
 *fill*         0x00000000c0006b70       0x10 
 COMMON         0x00000000c0006b80       0x80 build/syscall-init.o
                0x00000000c0006b80                syscall_table
                0x00000000c0006c00                . = ALIGN ((. != 0x0)?0x4:0x1)
                0x00000000c0006c00                . = ALIGN (0x4)
                0x00000000c0006c00                . = SEGMENT_START ("ldata-segment", .)
                0x00000000c0006c00                . = ALIGN (0x4)
                0x00000000c0006c00                _end = .
                [!provide]                        PROVIDE (end, .)
                0x00000000c0006c00                . = DATA_SEGMENT_END (.)

.stab
 *(.stab)

.stabstr
 *(.stabstr)

.stab.excl
 *(.stab.excl)

.stab.exclstr
 *(.stab.exclstr)

.stab.index
 *(.stab.index)

.stab.indexstr
 *(.stab.indexstr)

.comment        0x0000000000000000       0x35
 *(.comment)
 .comment       0x0000000000000000       0x35 build/main.o
                                         0x36 (size before relaxing)
 .comment       0x0000000000000035       0x36 build/init.o
 .comment       0x0000000000000035       0x36 build/interrupt.o
 .comment       0x0000000000000035       0x36 build/timer.o
 .comment       0x0000000000000035       0x36 build/debug.o
 .comment       0x0000000000000035       0x36 build/string.o
 .comment       0x0000000000000035       0x36 build/bitmap.o
 .comment       0x0000000000000035       0x36 build/memory.o
 .comment       0x0000000000000035       0x36 build/thread.o
 .comment       0x0000000000000035       0x36 build/list.o
 .comment       0x0000000000000035       0x36 build/sync.o
 .comment       0x0000000000000035       0x36 build/console.o
 .comment       0x0000000000000035       0x36 build/keyboard.o
 .comment       0x0000000000000035       0x36 build/ioqueue.o
 .comment       0x0000000000000035       0x36 build/tss.o
 .comment       0x0000000000000035       0x36 build/process.o
 .comment       0x0000000000000035       0x36 build/syscall.o
 .comment       0x0000000000000035       0x36 build/syscall-init.o

.debug
 *(.debug)

.line
 *(.line)

.debug_srcinfo
 *(.debug_srcinfo)

.debug_sfnames
 *(.debug_sfnames)

.debug_aranges
 *(.debug_aranges)

.debug_pubnames
 *(.debug_pubnames)

.debug_info
 *(.debug_info .gnu.linkonce.wi.*)

.debug_abbrev
 *(.debug_abbrev)

.debug_line
 *(.debug_line .debug_line.* .debug_line_end)

.debug_frame
 *(.debug_frame)

.debug_str
 *(.debug_str)

.debug_loc
 *(.debug_loc)

.debug_macinfo
 *(.debug_macinfo)

.debug_weaknames
 *(.debug_weaknames)

.debug_funcnames
 *(.debug_funcnames)

.debug_typenames
 *(.debug_typenames)

.debug_varnames
 *(.debug_varnames)

.debug_pubtypes
 *(.debug_pubtypes)

.debug_ranges
 *(.debug_ranges)

.debug_macro
 *(.debug_macro)

.gnu.attributes
 *(.gnu.attributes)

/DISCARD/
 *(.note.GNU-stack)
 *(.gnu_debuglink)
 *(.gnu.lto_*)
OUTPUT(build/kernel.bin elf32-i386)
