
Allocating common symbols
Common symbol       size              file

kbd_buf             0x70              build/keyboard.o
thread_ready_list   0x10              build/thread.o
thread_all_list     0x10              build/thread.o
user_pool           0x2c              build/memory.o
channel_cnt         0x1               build/ide.o
k_block_descs       0xa8              build/memory.o
idle_thread         0x4               build/thread.o
intr_name           0x204             build/interrupt.o
main_thread         0x4               build/thread.o
channels            0xcd0             build/ide.o
ticks               0x4               build/timer.o
kernel_vaddr        0xc               build/memory.o
syscall_table       0x80              build/syscall-init.o
idt_table           0x204             build/interrupt.o
partition_list      0x10              build/ide.o
kernel_pool         0x2c              build/memory.o
pid_lock            0x1c              build/thread.o

Discarded input sections

 .note.GNU-stack
                0x0000000000000000        0x0 build/main.o
 .note.GNU-stack
                0x0000000000000000        0x0 build/init.o
 .note.GNU-stack
                0x0000000000000000        0x0 build/interrupt.o
 .note.GNU-stack
                0x0000000000000000        0x0 build/timer.o
 .note.GNU-stack
                0x0000000000000000        0x0 build/debug.o
 .note.GNU-stack
                0x0000000000000000        0x0 build/string.o
 .note.GNU-stack
                0x0000000000000000        0x0 build/bitmap.o
 .note.GNU-stack
                0x0000000000000000        0x0 build/memory.o
 .note.GNU-stack
                0x0000000000000000        0x0 build/thread.o
 .note.GNU-stack
                0x0000000000000000        0x0 build/list.o
 .note.GNU-stack
                0x0000000000000000        0x0 build/sync.o
 .note.GNU-stack
                0x0000000000000000        0x0 build/console.o
 .note.GNU-stack
                0x0000000000000000        0x0 build/keyboard.o
 .note.GNU-stack
                0x0000000000000000        0x0 build/ioqueue.o
 .note.GNU-stack
                0x0000000000000000        0x0 build/tss.o
 .note.GNU-stack
                0x0000000000000000        0x0 build/process.o
 .note.GNU-stack
                0x0000000000000000        0x0 build/syscall.o
 .note.GNU-stack
                0x0000000000000000        0x0 build/syscall-init.o
 .note.GNU-stack
                0x0000000000000000        0x0 build/stdio.o
 .note.GNU-stack
                0x0000000000000000        0x0 build/stdio-kernel.o
 .note.GNU-stack
                0x0000000000000000        0x0 build/ide.o

Memory Configuration

Name             Origin             Length             Attributes
*default*        0x0000000000000000 0xffffffffffffffff

Linker script and memory map

Address of section .text set to 0xc0001500
LOAD build/main.o
LOAD build/init.o
LOAD build/interrupt.o
LOAD build/print.o
LOAD build/kernel.o
LOAD build/timer.o
LOAD build/debug.o
LOAD build/string.o
LOAD build/bitmap.o
LOAD build/memory.o
LOAD build/thread.o
LOAD build/list.o
LOAD build/switch.o
LOAD build/sync.o
LOAD build/console.o
LOAD build/keyboard.o
LOAD build/ioqueue.o
LOAD build/tss.o
LOAD build/process.o
LOAD build/syscall.o
LOAD build/syscall-init.o
LOAD build/stdio.o
LOAD build/stdio-kernel.o
LOAD build/ide.o
                [!provide]                        PROVIDE (__executable_start, 0x8048000)
                0x0000000008048094                . = (0x8048000 + SIZEOF_HEADERS)

.interp
 *(.interp)

.note.gnu.build-id
 *(.note.gnu.build-id)

.hash
 *(.hash)

.gnu.hash
 *(.gnu.hash)

.dynsym
 *(.dynsym)

.dynstr
 *(.dynstr)

.gnu.version
 *(.gnu.version)

.gnu.version_d
 *(.gnu.version_d)

.gnu.version_r
 *(.gnu.version_r)

.rel.dyn        0x0000000008048094        0x0
 *(.rel.init)
 *(.rel.text .rel.text.* .rel.gnu.linkonce.t.*)
 .rel.text      0x0000000008048094        0x0 build/main.o
 *(.rel.fini)
 *(.rel.rodata .rel.rodata.* .rel.gnu.linkonce.r.*)
 *(.rel.data.rel.ro .rel.data.rel.ro.* .rel.gnu.linkonce.d.rel.ro.*)
 *(.rel.data .rel.data.* .rel.gnu.linkonce.d.*)
 *(.rel.tdata .rel.tdata.* .rel.gnu.linkonce.td.*)
 *(.rel.tbss .rel.tbss.* .rel.gnu.linkonce.tb.*)
 *(.rel.ctors)
 *(.rel.dtors)
 *(.rel.got)
 *(.rel.bss .rel.bss.* .rel.gnu.linkonce.b.*)
 *(.rel.ifunc)

.rel.plt        0x0000000008048094        0x0
 *(.rel.plt)
                [!provide]                        PROVIDE (__rel_iplt_start, .)
 *(.rel.iplt)
 .rel.iplt      0x0000000008048094        0x0 build/main.o
                [!provide]                        PROVIDE (__rel_iplt_end, .)

.init
 *(SORT(.init))

.plt            0x00000000080480a0        0x0
 *(.plt)
 *(.iplt)
 .iplt          0x00000000080480a0        0x0 build/main.o

.plt.got
 *(.plt.got)

.text           0x00000000c0001500     0x4e0c
 *(.text.unlikely .text.*_unlikely .text.unlikely.*)
 *(.text.exit .text.exit.*)
 *(.text.startup .text.startup.*)
 *(.text.hot .text.hot.*)
 *(.text .stub .text.* .gnu.linkonce.t.*)
 .text          0x00000000c0001500       0x28 build/main.o
                0x00000000c0001500                main
 .text          0x00000000c0001528       0x5b build/init.o
                0x00000000c0001528                init_all
 .text          0x00000000c0001583      0x450 build/interrupt.o
                0x00000000c00018b7                intr_disable
                0x00000000c00018e0                intr_enable
                0x00000000c0001909                intr_get_status
                0x00000000c000192d                intr_set_status
                0x00000000c000194b                register_handler
                0x00000000c0001968                idt_init
 *fill*         0x00000000c00019d3        0xd 
 .text          0x00000000c00019e0      0x172 build/print.o
                0x00000000c00019e0                put_int
                0x00000000c0001a43                put_str
                0x00000000c0001a61                put_char
                0x00000000c0001b2e                set_cursor
 *fill*         0x00000000c0001b52        0xe 
 .text          0x00000000c0001b60      0x565 build/kernel.o
                0x00000000c0001b60                intr_exit
                0x00000000c00020a1                syscall_handler
 .text          0x00000000c00020c5      0x1e6 build/timer.o
                0x00000000c0002207                mtime_sleep
                0x00000000c0002258                timer_init
 .text          0x00000000c00022ab       0xd6 build/debug.o
                0x00000000c00022ab                panic_spin
 .text          0x00000000c0002381      0x3d0 build/string.o
                0x00000000c0002381                memset
                0x00000000c00023d3                memcpy
                0x00000000c0002433                memcmp
                0x00000000c00024b6                strcpy
                0x00000000c000250b                strlen
                0x00000000c0002556                strcmp
                0x00000000c00025cf                strchr
                0x00000000c0002627                strrchr
                0x00000000c0002685                strcat
                0x00000000c00026ef                strchrs
 .text          0x00000000c0002751      0x24c build/bitmap.o
                0x00000000c0002751                bitmap_init
                0x00000000c0002774                bitmap_scan_test
                0x00000000c00027b5                bitmap_scan
                0x00000000c00028ea                bitmap_set
 .text          0x00000000c000299d     0x10b4 build/memory.o
                0x00000000c0002cd5                pte_ptr
                0x00000000c0002d05                pde_ptr
                0x00000000c0002e84                malloc_page
                0x00000000c0002f1b                get_kernel_pages
                0x00000000c0002f56                get_user_pages
                0x00000000c0002fab                get_a_page
                0x00000000c0003109                addr_v2p
                0x00000000c0003135                block_desc_init
                0x00000000c00031ef                sys_malloc
                0x00000000c0003525                pfree
                0x00000000c0003658                mfree_page
                0x00000000c0003819                sys_free
                0x00000000c0003a00                mem_init
 .text          0x00000000c0003a51      0x699 build/thread.o
                0x00000000c0003aac                thread_create
                0x00000000c0003b23                init_thread
                0x00000000c0003bc7                thread_start
                0x00000000c0003ca0                running_thread
                0x00000000c0003d46                schedule
                0x00000000c0003e90                thread_block
                0x00000000c0003ef3                thread_unblock
                0x00000000c0003fed                thread_yield
                0x00000000c0004071                thread_init
 .text          0x00000000c00040ea      0x1ee build/list.o
                0x00000000c00040ea                list_init
                0x00000000c0004118                list_inster_before
                0x00000000c000415d                list_push
                0x00000000c000417b                list_append
                0x00000000c0004199                list_remove
                0x00000000c00041d3                list_pop
                0x00000000c00041f5                elem_find
                0x00000000c0004230                list_empty
                0x00000000c0004249                list_len
                0x00000000c000427e                list_traversal
 *fill*         0x00000000c00042d8        0x8 
 .text          0x00000000c00042e0       0x15 build/switch.o
                0x00000000c00042e0                switch_to
 .text          0x00000000c00042f5      0x313 build/sync.o
                0x00000000c00042f5                sema_init
                0x00000000c000431f                lock_init
                0x00000000c000434f                sema_down
                0x00000000c000444a                sema_up
                0x00000000c00044f9                lock_acquire
                0x00000000c0004570                lock_release
 .text          0x00000000c0004608       0xb6 build/console.o
                0x00000000c0004608                console_init
                0x00000000c0004621                console_acquire
                0x00000000c000463a                console_release
                0x00000000c0004653                console_put_str
                0x00000000c0004674                console_put_char
                0x00000000c000469d                console_put_int
 .text          0x00000000c00046be      0x2e6 build/keyboard.o
                0x00000000c0004959                keyboard_init
 .text          0x00000000c00049a4      0x2ee build/ioqueue.o
                0x00000000c00049a4                ioqueue_init
                0x00000000c0004a04                ioq_full
                0x00000000c0004b1d                ioq_getchar
                0x00000000c0004bd6                ioq_putchar
 .text          0x00000000c0004c92      0x1ac build/tss.o
                0x00000000c0004c92                update_tss_esp
                0x00000000c0004d14                tss_init
 .text          0x00000000c0004e3e      0x366 build/process.o
                0x00000000c0004e3e                start_process
                0x00000000c0004f42                page_dir_activate
                0x00000000c0004f77                process_activate
                0x00000000c0004fc5                create_page_dir
                0x00000000c000503d                create_user_vaddr_bitmap
                0x00000000c0005089                process_execute
 .text          0x00000000c00051a4       0x70 build/syscall.o
                0x00000000c00051a4                getpid
                0x00000000c00051b9                write
                0x00000000c00051d8                malloc
                0x00000000c00051f7                free
 .text          0x00000000c0005214       0x87 build/syscall-init.o
                0x00000000c0005214                sys_getpid
                0x00000000c0005226                sys_write
                0x00000000c000524a                syscall_init
 .text          0x00000000c000529b      0x287 build/stdio.o
                0x00000000c000531a                vsprintf
                0x00000000c0005497                printf
                0x00000000c00054f2                sprintf
 .text          0x00000000c0005522       0x5c build/stdio-kernel.o
                0x00000000c0005522                printk
 .text          0x00000000c000557e      0xd8e build/ide.o
                0x00000000c000588d                ide_read
                0x00000000c0005a01                ide_write
                0x00000000c0006040                intr_hd_handler
                0x00000000c00060fa                ide_init
 *(.gnu.warning)

.fini
 *(SORT(.fini))
                [!provide]                        PROVIDE (__etext, .)
                [!provide]                        PROVIDE (_etext, .)
                [!provide]                        PROVIDE (etext, .)

.rodata         0x00000000c000630c      0xf71
 *(.rodata .rodata.* .gnu.linkonce.r.*)
 .rodata        0x00000000c000630c        0xd build/main.o
 .rodata        0x00000000c0006319       0x1f build/init.o
 .rodata        0x00000000c0006338      0x1d4 build/interrupt.o
 .rodata        0x00000000c000650c       0x88 build/timer.o
 .rodata        0x00000000c0006594       0x3b build/debug.o
 *fill*         0x00000000c00065cf        0x1 
 .rodata        0x00000000c00065d0       0xc4 build/string.o
 .rodata        0x00000000c0006694       0x67 build/bitmap.o
 *fill*         0x00000000c00066fb        0x1 
 .rodata        0x00000000c00066fc      0x385 build/memory.o
 *fill*         0x00000000c0006a81        0x3 
 .rodata        0x00000000c0006a84      0x2c1 build/thread.o
 *fill*         0x00000000c0006d45        0x3 
 .rodata        0x00000000c0006d48      0x12d build/sync.o
 .rodata        0x00000000c0006e75       0x4f build/keyboard.o
 .rodata        0x00000000c0006ec4       0xa8 build/ioqueue.o
 .rodata        0x00000000c0006f6c       0x27 build/tss.o
 *fill*         0x00000000c0006f93        0x1 
 .rodata        0x00000000c0006f94       0xdc build/process.o
 .rodata        0x00000000c0007070       0x27 build/syscall-init.o
 *fill*         0x00000000c0007097        0x1 
 .rodata        0x00000000c0007098      0x1e5 build/ide.o

.rodata1
 *(.rodata1)

.eh_frame_hdr
 *(.eh_frame_hdr)
 *(.eh_frame_entry .eh_frame_entry.*)

.eh_frame       0x00000000c0007280     0x120c
 *(.eh_frame)
 .eh_frame      0x00000000c0007280       0x3c build/main.o
 .eh_frame      0x00000000c00072bc       0x20 build/init.o
                                         0x38 (size before relaxing)
 .eh_frame      0x00000000c00072dc      0x184 build/interrupt.o
                                        0x19c (size before relaxing)
 .eh_frame      0x00000000c0007460       0xc8 build/timer.o
                                         0xe0 (size before relaxing)
 .eh_frame      0x00000000c0007528       0x1c build/debug.o
                                         0x34 (size before relaxing)
 .eh_frame      0x00000000c0007544      0x140 build/string.o
                                        0x158 (size before relaxing)
 .eh_frame      0x00000000c0007684       0x8c build/bitmap.o
                                         0xa4 (size before relaxing)
 .eh_frame      0x00000000c0007710      0x2a0 build/memory.o
                                        0x2b8 (size before relaxing)
 .eh_frame      0x00000000c00079b0      0x19c build/thread.o
                                        0x1b4 (size before relaxing)
 .eh_frame      0x00000000c0007b4c      0x140 build/list.o
                                        0x158 (size before relaxing)
 .eh_frame      0x00000000c0007c8c       0xc8 build/sync.o
                                         0xe0 (size before relaxing)
 .eh_frame      0x00000000c0007d54       0xc0 build/console.o
                                         0xd8 (size before relaxing)
 .eh_frame      0x00000000c0007e14       0x60 build/keyboard.o
                                         0x78 (size before relaxing)
 .eh_frame      0x00000000c0007e74      0x100 build/ioqueue.o
                                        0x118 (size before relaxing)
 .eh_frame      0x00000000c0007f74       0x70 build/tss.o
                                         0x88 (size before relaxing)
 .eh_frame      0x00000000c0007fe4       0xc0 build/process.o
                                         0xd8 (size before relaxing)
 .eh_frame      0x00000000c00080a4       0x8c build/syscall.o
                                         0xa4 (size before relaxing)
 .eh_frame      0x00000000c0008130       0x60 build/syscall-init.o
                                         0x78 (size before relaxing)
 .eh_frame      0x00000000c0008190       0x84 build/stdio.o
                                         0x9c (size before relaxing)
 .eh_frame      0x00000000c0008214       0x24 build/stdio-kernel.o
                                         0x3c (size before relaxing)
 .eh_frame      0x00000000c0008238      0x254 build/ide.o
                                        0x26c (size before relaxing)
 *(.eh_frame.*)

.gcc_except_table
 *(.gcc_except_table .gcc_except_table.*)

.gnu_extab
 *(.gnu_extab*)

.exception_ranges
 *(.exception_ranges .exception_ranges*)
                0x00000000c000948c                . = DATA_SEGMENT_ALIGN (0x1000, 0x1000)

.eh_frame
 *(.eh_frame)
 *(.eh_frame.*)

.gnu_extab
 *(.gnu_extab)

.gcc_except_table
 *(.gcc_except_table .gcc_except_table.*)

.exception_ranges
 *(.exception_ranges .exception_ranges*)

.tdata
 *(.tdata .tdata.* .gnu.linkonce.td.*)

.tbss
 *(.tbss .tbss.* .gnu.linkonce.tb.*)
 *(.tcommon)

.preinit_array  0x00000000c000948c        0x0
                [!provide]                        PROVIDE (__preinit_array_start, .)
 *(.preinit_array)
                [!provide]                        PROVIDE (__preinit_array_end, .)

.init_array     0x00000000c000948c        0x0
                [!provide]                        PROVIDE (__init_array_start, .)
 *(SORT(.init_array.*) SORT(.ctors.*))
 *(.init_array EXCLUDE_FILE(*crtend?.o *crtend.o *crtbegin?.o *crtbegin.o) .ctors)
                [!provide]                        PROVIDE (__init_array_end, .)

.fini_array     0x00000000c000948c        0x0
                [!provide]                        PROVIDE (__fini_array_start, .)
 *(SORT(.fini_array.*) SORT(.dtors.*))
 *(.fini_array EXCLUDE_FILE(*crtend?.o *crtend.o *crtbegin?.o *crtbegin.o) .dtors)
                [!provide]                        PROVIDE (__fini_array_end, .)

.ctors
 *crtbegin.o(.ctors)
 *crtbegin?.o(.ctors)
 *(EXCLUDE_FILE(*crtend?.o *crtend.o) .ctors)
 *(SORT(.ctors.*))
 *(.ctors)

.dtors
 *crtbegin.o(.dtors)
 *crtbegin?.o(.dtors)
 *(EXCLUDE_FILE(*crtend?.o *crtend.o) .dtors)
 *(SORT(.dtors.*))
 *(.dtors)

.jcr
 *(.jcr)

.data.rel.ro
 *(.data.rel.ro.local* .gnu.linkonce.d.rel.ro.local.*)
 *(.data.rel.ro .data.rel.ro.* .gnu.linkonce.d.rel.ro.*)

.dynamic
 *(.dynamic)

.got
 *(.got)
 *(.igot)
                0x00000000c000948c                . = DATA_SEGMENT_RELRO_END (., (SIZEOF (.got.plt) >= 0xc)?0xc:0x0)

.got.plt        0x00000000c000948c        0x0
 *(.got.plt)
 *(.igot.plt)
 .igot.plt      0x00000000c000948c        0x0 build/main.o

.data           0x00000000c00094a0      0x156
 *(.data .data.* .gnu.linkonce.d.*)
 .data          0x00000000c00094a0        0x0 build/main.o
 .data          0x00000000c00094a0        0x0 build/init.o
 .data          0x00000000c00094a0        0x0 build/interrupt.o
 .data          0x00000000c00094a0        0x8 build/print.o
 .data          0x00000000c00094a8       0xc0 build/kernel.o
                0x00000000c00094a8                intr_entry_table
 .data          0x00000000c0009568        0x0 build/timer.o
 .data          0x00000000c0009568        0x0 build/debug.o
 .data          0x00000000c0009568        0x0 build/string.o
 .data          0x00000000c0009568        0x0 build/bitmap.o
 .data          0x00000000c0009568        0x0 build/memory.o
 .data          0x00000000c0009568        0x0 build/thread.o
 .data          0x00000000c0009568        0x0 build/list.o
 .data          0x00000000c0009568        0x0 build/sync.o
 .data          0x00000000c0009568        0x0 build/console.o
 *fill*         0x00000000c0009568       0x18 
 .data          0x00000000c0009580       0x76 build/keyboard.o
 .data          0x00000000c00095f6        0x0 build/ioqueue.o
 .data          0x00000000c00095f6        0x0 build/tss.o
 .data          0x00000000c00095f6        0x0 build/process.o
 .data          0x00000000c00095f6        0x0 build/syscall.o
 .data          0x00000000c00095f6        0x0 build/syscall-init.o
 .data          0x00000000c00095f6        0x0 build/stdio.o
 .data          0x00000000c00095f6        0x0 build/stdio-kernel.o
 .data          0x00000000c00095f6        0x0 build/ide.o

.data1
 *(.data1)
                0x00000000c00095f6                _edata = .
                [!provide]                        PROVIDE (edata, .)
                0x00000000c00095f6                . = .
                0x00000000c00095f6                __bss_start = .

.bss            0x00000000c0009600     0x1880
 *(.dynbss)
 *(.bss .bss.* .gnu.linkonce.b.*)
 .bss           0x00000000c0009600        0x0 build/main.o
 .bss           0x00000000c0009600        0x0 build/init.o
 .bss           0x00000000c0009600      0x408 build/interrupt.o
 .bss           0x00000000c0009a08        0x0 build/timer.o
 .bss           0x00000000c0009a08        0x0 build/debug.o
 .bss           0x00000000c0009a08        0x0 build/string.o
 .bss           0x00000000c0009a08        0x0 build/bitmap.o
 .bss           0x00000000c0009a08        0x0 build/memory.o
 .bss           0x00000000c0009a08        0x6 build/thread.o
 .bss           0x00000000c0009a0e        0x0 build/list.o
 .bss           0x00000000c0009a0e        0x0 build/sync.o
 *fill*         0x00000000c0009a0e        0x2 
 .bss           0x00000000c0009a10       0x1c build/console.o
 .bss           0x00000000c0009a2c       0x14 build/keyboard.o
 .bss           0x00000000c0009a40        0x0 build/ioqueue.o
 .bss           0x00000000c0009a40       0x68 build/tss.o
 .bss           0x00000000c0009aa8        0x0 build/process.o
 .bss           0x00000000c0009aa8        0x0 build/syscall.o
 .bss           0x00000000c0009aa8        0x0 build/syscall-init.o
 .bss           0x00000000c0009aa8        0x0 build/stdio.o
 .bss           0x00000000c0009aa8        0x0 build/stdio-kernel.o
 .bss           0x00000000c0009aa8        0x6 build/ide.o
                0x00000000c0009aa8                ext_lba_base
                0x00000000c0009aac                p_no
                0x00000000c0009aad                l_no
 *(COMMON)
 *fill*         0x00000000c0009aae       0x12 
 COMMON         0x00000000c0009ac0      0x424 build/interrupt.o
                0x00000000c0009ac0                intr_name
                0x00000000c0009ce0                idt_table
 COMMON         0x00000000c0009ee4        0x4 build/timer.o
                0x00000000c0009ee4                ticks
 *fill*         0x00000000c0009ee8       0x18 
 COMMON         0x00000000c0009f00      0x12c build/memory.o
                0x00000000c0009f00                user_pool
                0x00000000c0009f40                k_block_descs
                0x00000000c0009fe8                kernel_vaddr
                0x00000000c000a000                kernel_pool
 COMMON         0x00000000c000a02c       0x44 build/thread.o
                0x00000000c000a02c                thread_ready_list
                0x00000000c000a03c                thread_all_list
                0x00000000c000a04c                idle_thread
                0x00000000c000a050                main_thread
                0x00000000c000a054                pid_lock
 *fill*         0x00000000c000a070       0x10 
 COMMON         0x00000000c000a080       0x70 build/keyboard.o
                0x00000000c000a080                kbd_buf
 *fill*         0x00000000c000a0f0       0x10 
 COMMON         0x00000000c000a100       0x80 build/syscall-init.o
                0x00000000c000a100                syscall_table
 COMMON         0x00000000c000a180      0xd00 build/ide.o
                0x00000000c000a180                channel_cnt
                0x00000000c000a1a0                channels
                0x00000000c000ae70                partition_list
                0x00000000c000ae80                . = ALIGN ((. != 0x0)?0x4:0x1)
                0x00000000c000ae80                . = ALIGN (0x4)
                0x00000000c000ae80                . = SEGMENT_START ("ldata-segment", .)
                0x00000000c000ae80                . = ALIGN (0x4)
                0x00000000c000ae80                _end = .
                [!provide]                        PROVIDE (end, .)
                0x00000000c000ae80                . = DATA_SEGMENT_END (.)

.stab
 *(.stab)

.stabstr
 *(.stabstr)

.stab.excl
 *(.stab.excl)

.stab.exclstr
 *(.stab.exclstr)

.stab.index
 *(.stab.index)

.stab.indexstr
 *(.stab.indexstr)

.comment        0x0000000000000000       0x35
 *(.comment)
 .comment       0x0000000000000000       0x35 build/main.o
                                         0x36 (size before relaxing)
 .comment       0x0000000000000035       0x36 build/init.o
 .comment       0x0000000000000035       0x36 build/interrupt.o
 .comment       0x0000000000000035       0x36 build/timer.o
 .comment       0x0000000000000035       0x36 build/debug.o
 .comment       0x0000000000000035       0x36 build/string.o
 .comment       0x0000000000000035       0x36 build/bitmap.o
 .comment       0x0000000000000035       0x36 build/memory.o
 .comment       0x0000000000000035       0x36 build/thread.o
 .comment       0x0000000000000035       0x36 build/list.o
 .comment       0x0000000000000035       0x36 build/sync.o
 .comment       0x0000000000000035       0x36 build/console.o
 .comment       0x0000000000000035       0x36 build/keyboard.o
 .comment       0x0000000000000035       0x36 build/ioqueue.o
 .comment       0x0000000000000035       0x36 build/tss.o
 .comment       0x0000000000000035       0x36 build/process.o
 .comment       0x0000000000000035       0x36 build/syscall.o
 .comment       0x0000000000000035       0x36 build/syscall-init.o
 .comment       0x0000000000000035       0x36 build/stdio.o
 .comment       0x0000000000000035       0x36 build/stdio-kernel.o
 .comment       0x0000000000000035       0x36 build/ide.o

.debug
 *(.debug)

.line
 *(.line)

.debug_srcinfo
 *(.debug_srcinfo)

.debug_sfnames
 *(.debug_sfnames)

.debug_aranges
 *(.debug_aranges)

.debug_pubnames
 *(.debug_pubnames)

.debug_info
 *(.debug_info .gnu.linkonce.wi.*)

.debug_abbrev
 *(.debug_abbrev)

.debug_line
 *(.debug_line .debug_line.* .debug_line_end)

.debug_frame
 *(.debug_frame)

.debug_str
 *(.debug_str)

.debug_loc
 *(.debug_loc)

.debug_macinfo
 *(.debug_macinfo)

.debug_weaknames
 *(.debug_weaknames)

.debug_funcnames
 *(.debug_funcnames)

.debug_typenames
 *(.debug_typenames)

.debug_varnames
 *(.debug_varnames)

.debug_pubtypes
 *(.debug_pubtypes)

.debug_ranges
 *(.debug_ranges)

.debug_macro
 *(.debug_macro)

.gnu.attributes
 *(.gnu.attributes)

/DISCARD/
 *(.note.GNU-stack)
 *(.gnu_debuglink)
 *(.gnu.lto_*)
OUTPUT(build/kernel.bin elf32-i386)
