
Allocating common symbols
Common symbol       size              file

kbd_buf             0x70              build/keyboard.o
thread_ready_list   0x10              build/thread.o
thread_all_list     0x10              build/thread.o
user_pool           0x2c              build/memory.o
channel_cnt         0x1               build/ide.o
cur_part            0x4               build/fs.o
k_block_descs       0xa8              build/memory.o
idle_thread         0x4               build/thread.o
intr_name           0x204             build/interrupt.o
main_thread         0x4               build/thread.o
channels            0xcd0             build/ide.o
ticks               0x4               build/timer.o
kernel_vaddr        0xc               build/memory.o
syscall_table       0x80              build/syscall-init.o
idt_table           0x204             build/interrupt.o
file_table          0x180             build/file.o
partition_list      0x10              build/ide.o
kernel_pool         0x2c              build/memory.o
pid_lock            0x1c              build/thread.o

Discarded input sections

 .note.GNU-stack
                0x0000000000000000        0x0 build/main.o
 .note.GNU-stack
                0x0000000000000000        0x0 build/init.o
 .note.GNU-stack
                0x0000000000000000        0x0 build/interrupt.o
 .note.GNU-stack
                0x0000000000000000        0x0 build/timer.o
 .note.GNU-stack
                0x0000000000000000        0x0 build/debug.o
 .note.GNU-stack
                0x0000000000000000        0x0 build/string.o
 .note.GNU-stack
                0x0000000000000000        0x0 build/bitmap.o
 .note.GNU-stack
                0x0000000000000000        0x0 build/memory.o
 .note.GNU-stack
                0x0000000000000000        0x0 build/thread.o
 .note.GNU-stack
                0x0000000000000000        0x0 build/list.o
 .note.GNU-stack
                0x0000000000000000        0x0 build/sync.o
 .note.GNU-stack
                0x0000000000000000        0x0 build/console.o
 .note.GNU-stack
                0x0000000000000000        0x0 build/keyboard.o
 .note.GNU-stack
                0x0000000000000000        0x0 build/ioqueue.o
 .note.GNU-stack
                0x0000000000000000        0x0 build/tss.o
 .note.GNU-stack
                0x0000000000000000        0x0 build/process.o
 .note.GNU-stack
                0x0000000000000000        0x0 build/syscall.o
 .note.GNU-stack
                0x0000000000000000        0x0 build/syscall-init.o
 .note.GNU-stack
                0x0000000000000000        0x0 build/stdio.o
 .note.GNU-stack
                0x0000000000000000        0x0 build/stdio-kernel.o
 .note.GNU-stack
                0x0000000000000000        0x0 build/ide.o
 .note.GNU-stack
                0x0000000000000000        0x0 build/fs.o
 .note.GNU-stack
                0x0000000000000000        0x0 build/inode.o
 .note.GNU-stack
                0x0000000000000000        0x0 build/file.o

Memory Configuration

Name             Origin             Length             Attributes
*default*        0x0000000000000000 0xffffffffffffffff

Linker script and memory map

Address of section .text set to 0xc0001500
LOAD build/main.o
LOAD build/init.o
LOAD build/interrupt.o
LOAD build/print.o
LOAD build/kernel.o
LOAD build/timer.o
LOAD build/debug.o
LOAD build/string.o
LOAD build/bitmap.o
LOAD build/memory.o
LOAD build/thread.o
LOAD build/list.o
LOAD build/switch.o
LOAD build/sync.o
LOAD build/console.o
LOAD build/keyboard.o
LOAD build/ioqueue.o
LOAD build/tss.o
LOAD build/process.o
LOAD build/syscall.o
LOAD build/syscall-init.o
LOAD build/stdio.o
LOAD build/stdio-kernel.o
LOAD build/ide.o
LOAD build/fs.o
LOAD build/inode.o
LOAD build/file.o
                [!provide]                        PROVIDE (__executable_start, 0x8048000)
                0x0000000008048094                . = (0x8048000 + SIZEOF_HEADERS)

.interp
 *(.interp)

.note.gnu.build-id
 *(.note.gnu.build-id)

.hash
 *(.hash)

.gnu.hash
 *(.gnu.hash)

.dynsym
 *(.dynsym)

.dynstr
 *(.dynstr)

.gnu.version
 *(.gnu.version)

.gnu.version_d
 *(.gnu.version_d)

.gnu.version_r
 *(.gnu.version_r)

.rel.dyn        0x0000000008048094        0x0
 *(.rel.init)
 *(.rel.text .rel.text.* .rel.gnu.linkonce.t.*)
 .rel.text      0x0000000008048094        0x0 build/main.o
 *(.rel.fini)
 *(.rel.rodata .rel.rodata.* .rel.gnu.linkonce.r.*)
 *(.rel.data.rel.ro .rel.data.rel.ro.* .rel.gnu.linkonce.d.rel.ro.*)
 *(.rel.data .rel.data.* .rel.gnu.linkonce.d.*)
 *(.rel.tdata .rel.tdata.* .rel.gnu.linkonce.td.*)
 *(.rel.tbss .rel.tbss.* .rel.gnu.linkonce.tb.*)
 *(.rel.ctors)
 *(.rel.dtors)
 *(.rel.got)
 *(.rel.bss .rel.bss.* .rel.gnu.linkonce.b.*)
 *(.rel.ifunc)

.rel.plt        0x0000000008048094        0x0
 *(.rel.plt)
                [!provide]                        PROVIDE (__rel_iplt_start, .)
 *(.rel.iplt)
 .rel.iplt      0x0000000008048094        0x0 build/main.o
                [!provide]                        PROVIDE (__rel_iplt_end, .)

.init
 *(SORT(.init))

.plt            0x00000000080480a0        0x0
 *(.plt)
 *(.iplt)
 .iplt          0x00000000080480a0        0x0 build/main.o

.plt.got
 *(.plt.got)

.text           0x00000000c0001500     0x5c3a
 *(.text.unlikely .text.*_unlikely .text.unlikely.*)
 *(.text.exit .text.exit.*)
 *(.text.startup .text.startup.*)
 *(.text.hot .text.hot.*)
 *(.text .stub .text.* .gnu.linkonce.t.*)
 .text          0x00000000c0001500       0x28 build/main.o
                0x00000000c0001500                main
 .text          0x00000000c0001528       0x60 build/init.o
                0x00000000c0001528                init_all
 .text          0x00000000c0001588      0x450 build/interrupt.o
                0x00000000c00018bc                intr_disable
                0x00000000c00018e5                intr_enable
                0x00000000c000190e                intr_get_status
                0x00000000c0001932                intr_set_status
                0x00000000c0001950                register_handler
                0x00000000c000196d                idt_init
 *fill*         0x00000000c00019d8        0x8 
 .text          0x00000000c00019e0      0x172 build/print.o
                0x00000000c00019e0                put_int
                0x00000000c0001a43                put_str
                0x00000000c0001a61                put_char
                0x00000000c0001b2e                set_cursor
 *fill*         0x00000000c0001b52        0xe 
 .text          0x00000000c0001b60      0x565 build/kernel.o
                0x00000000c0001b60                intr_exit
                0x00000000c00020a1                syscall_handler
 .text          0x00000000c00020c5      0x1e6 build/timer.o
                0x00000000c0002207                mtime_sleep
                0x00000000c0002258                timer_init
 .text          0x00000000c00022ab       0xd6 build/debug.o
                0x00000000c00022ab                panic_spin
 .text          0x00000000c0002381      0x3d0 build/string.o
                0x00000000c0002381                memset
                0x00000000c00023d3                memcpy
                0x00000000c0002433                memcmp
                0x00000000c00024b6                strcpy
                0x00000000c000250b                strlen
                0x00000000c0002556                strcmp
                0x00000000c00025cf                strchr
                0x00000000c0002627                strrchr
                0x00000000c0002685                strcat
                0x00000000c00026ef                strchrs
 .text          0x00000000c0002751      0x24c build/bitmap.o
                0x00000000c0002751                bitmap_init
                0x00000000c0002774                bitmap_scan_test
                0x00000000c00027b5                bitmap_scan
                0x00000000c00028ea                bitmap_set
 .text          0x00000000c000299d     0x10b4 build/memory.o
                0x00000000c0002cd5                pte_ptr
                0x00000000c0002d05                pde_ptr
                0x00000000c0002e84                malloc_page
                0x00000000c0002f1b                get_kernel_pages
                0x00000000c0002f56                get_user_pages
                0x00000000c0002fab                get_a_page
                0x00000000c0003109                addr_v2p
                0x00000000c0003135                block_desc_init
                0x00000000c00031ef                sys_malloc
                0x00000000c0003525                pfree
                0x00000000c0003658                mfree_page
                0x00000000c0003819                sys_free
                0x00000000c0003a00                mem_init
 .text          0x00000000c0003a51      0x6e2 build/thread.o
                0x00000000c0003aac                thread_create
                0x00000000c0003b23                init_thread
                0x00000000c0003c0d                thread_start
                0x00000000c0003ce6                running_thread
                0x00000000c0003d8c                schedule
                0x00000000c0003ed9                thread_block
                0x00000000c0003f3c                thread_unblock
                0x00000000c0004036                thread_yield
                0x00000000c00040ba                thread_init
 .text          0x00000000c0004133      0x1ee build/list.o
                0x00000000c0004133                list_init
                0x00000000c0004161                list_inster_before
                0x00000000c00041a6                list_push
                0x00000000c00041c4                list_append
                0x00000000c00041e2                list_remove
                0x00000000c000421c                list_pop
                0x00000000c000423e                elem_find
                0x00000000c0004279                list_empty
                0x00000000c0004292                list_len
                0x00000000c00042c7                list_traversal
 *fill*         0x00000000c0004321        0xf 
 .text          0x00000000c0004330       0x15 build/switch.o
                0x00000000c0004330                switch_to
 .text          0x00000000c0004345      0x313 build/sync.o
                0x00000000c0004345                sema_init
                0x00000000c000436f                lock_init
                0x00000000c000439f                sema_down
                0x00000000c000449a                sema_up
                0x00000000c0004549                lock_acquire
                0x00000000c00045c0                lock_release
 .text          0x00000000c0004658       0xb6 build/console.o
                0x00000000c0004658                console_init
                0x00000000c0004671                console_acquire
                0x00000000c000468a                console_release
                0x00000000c00046a3                console_put_str
                0x00000000c00046c4                console_put_char
                0x00000000c00046ed                console_put_int
 .text          0x00000000c000470e      0x2e6 build/keyboard.o
                0x00000000c00049a9                keyboard_init
 .text          0x00000000c00049f4      0x2ee build/ioqueue.o
                0x00000000c00049f4                ioqueue_init
                0x00000000c0004a54                ioq_full
                0x00000000c0004b6d                ioq_getchar
                0x00000000c0004c26                ioq_putchar
 .text          0x00000000c0004ce2      0x1ac build/tss.o
                0x00000000c0004ce2                update_tss_esp
                0x00000000c0004d64                tss_init
 .text          0x00000000c0004e8e      0x366 build/process.o
                0x00000000c0004e8e                start_process
                0x00000000c0004f92                page_dir_activate
                0x00000000c0004fc7                process_activate
                0x00000000c0005015                create_page_dir
                0x00000000c000508d                create_user_vaddr_bitmap
                0x00000000c00050d9                process_execute
 .text          0x00000000c00051f4       0x70 build/syscall.o
                0x00000000c00051f4                getpid
                0x00000000c0005209                write
                0x00000000c0005228                malloc
                0x00000000c0005247                free
 .text          0x00000000c0005264       0x87 build/syscall-init.o
                0x00000000c0005264                sys_getpid
                0x00000000c0005276                sys_write
                0x00000000c000529a                syscall_init
 .text          0x00000000c00052eb      0x287 build/stdio.o
                0x00000000c000536a                vsprintf
                0x00000000c00054e7                printf
                0x00000000c0005542                sprintf
 .text          0x00000000c0005572       0x5c build/stdio-kernel.o
                0x00000000c0005572                printk
 .text          0x00000000c00055ce      0xd8e build/ide.o
                0x00000000c00058dd                ide_read
                0x00000000c0005a51                ide_write
                0x00000000c0006090                intr_hd_handler
                0x00000000c000614a                ide_init
 .text          0x00000000c000635c      0x830 build/fs.o
                0x00000000c00069aa                filesys_init
 .text          0x00000000c0006b8c      0x3cb build/inode.o
                0x00000000c0006c22                inode_sync
                0x00000000c0006d49                inode_open
                0x00000000c0006e85                inode_close
                0x00000000c0006f01                inode_init
 .text          0x00000000c0006f57      0x1e3 build/file.o
                0x00000000c0006f57                get_free_slot_in_global
                0x00000000c0006fac                pcb_fd_install
                0x00000000c0007019                inode_bitmap_alloc
                0x00000000c0007060                block_bitmap_alloc
                0x00000000c00070b2                bitmap_sync
 *(.gnu.warning)

.fini
 *(SORT(.fini))
                [!provide]                        PROVIDE (__etext, .)
                [!provide]                        PROVIDE (_etext, .)
                [!provide]                        PROVIDE (etext, .)

.rodata         0x00000000c000713c     0x123c
 *(.rodata .rodata.* .gnu.linkonce.r.*)
 .rodata        0x00000000c000713c        0xd build/main.o
 .rodata        0x00000000c0007149       0x1f build/init.o
 .rodata        0x00000000c0007168      0x1d4 build/interrupt.o
 .rodata        0x00000000c000733c       0x88 build/timer.o
 .rodata        0x00000000c00073c4       0x3b build/debug.o
 *fill*         0x00000000c00073ff        0x1 
 .rodata        0x00000000c0007400       0xc4 build/string.o
 .rodata        0x00000000c00074c4       0x67 build/bitmap.o
 *fill*         0x00000000c000752b        0x1 
 .rodata        0x00000000c000752c      0x385 build/memory.o
 *fill*         0x00000000c00078b1        0x3 
 .rodata        0x00000000c00078b4      0x2c1 build/thread.o
 *fill*         0x00000000c0007b75        0x3 
 .rodata        0x00000000c0007b78      0x12d build/sync.o
 .rodata        0x00000000c0007ca5       0x4f build/keyboard.o
 .rodata        0x00000000c0007cf4       0xa8 build/ioqueue.o
 .rodata        0x00000000c0007d9c       0x27 build/tss.o
 *fill*         0x00000000c0007dc3        0x1 
 .rodata        0x00000000c0007dc4       0xdc build/process.o
 .rodata        0x00000000c0007ea0       0x27 build/syscall-init.o
 *fill*         0x00000000c0007ec7        0x1 
 .rodata        0x00000000c0007ec8      0x1e5 build/ide.o
 *fill*         0x00000000c00080ad        0x3 
 .rodata        0x00000000c00080b0      0x211 build/fs.o
 *fill*         0x00000000c00082c1        0x3 
 .rodata        0x00000000c00082c4       0x7b build/inode.o
 *fill*         0x00000000c000833f        0x1 
 .rodata        0x00000000c0008340       0x38 build/file.o

.rodata1
 *(.rodata1)

.eh_frame_hdr
 *(.eh_frame_hdr)
 *(.eh_frame_entry .eh_frame_entry.*)

.eh_frame       0x00000000c0008378     0x13c0
 *(.eh_frame)
 .eh_frame      0x00000000c0008378       0x3c build/main.o
 .eh_frame      0x00000000c00083b4       0x20 build/init.o
                                         0x38 (size before relaxing)
 .eh_frame      0x00000000c00083d4      0x184 build/interrupt.o
                                        0x19c (size before relaxing)
 .eh_frame      0x00000000c0008558       0xc8 build/timer.o
                                         0xe0 (size before relaxing)
 .eh_frame      0x00000000c0008620       0x1c build/debug.o
                                         0x34 (size before relaxing)
 .eh_frame      0x00000000c000863c      0x140 build/string.o
                                        0x158 (size before relaxing)
 .eh_frame      0x00000000c000877c       0x8c build/bitmap.o
                                         0xa4 (size before relaxing)
 .eh_frame      0x00000000c0008808      0x2a0 build/memory.o
                                        0x2b8 (size before relaxing)
 .eh_frame      0x00000000c0008aa8      0x19c build/thread.o
                                        0x1b4 (size before relaxing)
 .eh_frame      0x00000000c0008c44      0x140 build/list.o
                                        0x158 (size before relaxing)
 .eh_frame      0x00000000c0008d84       0xc8 build/sync.o
                                         0xe0 (size before relaxing)
 .eh_frame      0x00000000c0008e4c       0xc0 build/console.o
                                         0xd8 (size before relaxing)
 .eh_frame      0x00000000c0008f0c       0x60 build/keyboard.o
                                         0x78 (size before relaxing)
 .eh_frame      0x00000000c0008f6c      0x100 build/ioqueue.o
                                        0x118 (size before relaxing)
 .eh_frame      0x00000000c000906c       0x70 build/tss.o
                                         0x88 (size before relaxing)
 .eh_frame      0x00000000c00090dc       0xc0 build/process.o
                                         0xd8 (size before relaxing)
 .eh_frame      0x00000000c000919c       0x8c build/syscall.o
                                         0xa4 (size before relaxing)
 .eh_frame      0x00000000c0009228       0x60 build/syscall-init.o
                                         0x78 (size before relaxing)
 .eh_frame      0x00000000c0009288       0x84 build/stdio.o
                                         0x9c (size before relaxing)
 .eh_frame      0x00000000c000930c       0x24 build/stdio-kernel.o
                                         0x3c (size before relaxing)
 .eh_frame      0x00000000c0009330      0x254 build/ide.o
                                        0x26c (size before relaxing)
 .eh_frame      0x00000000c0009584       0x74 build/fs.o
                                         0x8c (size before relaxing)
 .eh_frame      0x00000000c00095f8       0xa0 build/inode.o
                                         0xb8 (size before relaxing)
 .eh_frame      0x00000000c0009698       0xa0 build/file.o
                                         0xb8 (size before relaxing)
 *(.eh_frame.*)

.gcc_except_table
 *(.gcc_except_table .gcc_except_table.*)

.gnu_extab
 *(.gnu_extab*)

.exception_ranges
 *(.exception_ranges .exception_ranges*)
                0x00000000c000a000                . = DATA_SEGMENT_ALIGN (0x1000, 0x1000)

.eh_frame
 *(.eh_frame)
 *(.eh_frame.*)

.gnu_extab
 *(.gnu_extab)

.gcc_except_table
 *(.gcc_except_table .gcc_except_table.*)

.exception_ranges
 *(.exception_ranges .exception_ranges*)

.tdata
 *(.tdata .tdata.* .gnu.linkonce.td.*)

.tbss
 *(.tbss .tbss.* .gnu.linkonce.tb.*)
 *(.tcommon)

.preinit_array  0x00000000c000a000        0x0
                [!provide]                        PROVIDE (__preinit_array_start, .)
 *(.preinit_array)
                [!provide]                        PROVIDE (__preinit_array_end, .)

.init_array     0x00000000c000a000        0x0
                [!provide]                        PROVIDE (__init_array_start, .)
 *(SORT(.init_array.*) SORT(.ctors.*))
 *(.init_array EXCLUDE_FILE(*crtend?.o *crtend.o *crtbegin?.o *crtbegin.o) .ctors)
                [!provide]                        PROVIDE (__init_array_end, .)

.fini_array     0x00000000c000a000        0x0
                [!provide]                        PROVIDE (__fini_array_start, .)
 *(SORT(.fini_array.*) SORT(.dtors.*))
 *(.fini_array EXCLUDE_FILE(*crtend?.o *crtend.o *crtbegin?.o *crtbegin.o) .dtors)
                [!provide]                        PROVIDE (__fini_array_end, .)

.ctors
 *crtbegin.o(.ctors)
 *crtbegin?.o(.ctors)
 *(EXCLUDE_FILE(*crtend?.o *crtend.o) .ctors)
 *(SORT(.ctors.*))
 *(.ctors)

.dtors
 *crtbegin.o(.dtors)
 *crtbegin?.o(.dtors)
 *(EXCLUDE_FILE(*crtend?.o *crtend.o) .dtors)
 *(SORT(.dtors.*))
 *(.dtors)

.jcr
 *(.jcr)

.data.rel.ro
 *(.data.rel.ro.local* .gnu.linkonce.d.rel.ro.local.*)
 *(.data.rel.ro .data.rel.ro.* .gnu.linkonce.d.rel.ro.*)

.dynamic
 *(.dynamic)

.got
 *(.got)
 *(.igot)
                0x00000000c000a000                . = DATA_SEGMENT_RELRO_END (., (SIZEOF (.got.plt) >= 0xc)?0xc:0x0)

.got.plt        0x00000000c000a000        0x0
 *(.got.plt)
 *(.igot.plt)
 .igot.plt      0x00000000c000a000        0x0 build/main.o

.data           0x00000000c000a000      0x156
 *(.data .data.* .gnu.linkonce.d.*)
 .data          0x00000000c000a000        0x0 build/main.o
 .data          0x00000000c000a000        0x0 build/init.o
 .data          0x00000000c000a000        0x0 build/interrupt.o
 .data          0x00000000c000a000        0x8 build/print.o
 .data          0x00000000c000a008       0xc0 build/kernel.o
                0x00000000c000a008                intr_entry_table
 .data          0x00000000c000a0c8        0x0 build/timer.o
 .data          0x00000000c000a0c8        0x0 build/debug.o
 .data          0x00000000c000a0c8        0x0 build/string.o
 .data          0x00000000c000a0c8        0x0 build/bitmap.o
 .data          0x00000000c000a0c8        0x0 build/memory.o
 .data          0x00000000c000a0c8        0x0 build/thread.o
 .data          0x00000000c000a0c8        0x0 build/list.o
 .data          0x00000000c000a0c8        0x0 build/sync.o
 .data          0x00000000c000a0c8        0x0 build/console.o
 *fill*         0x00000000c000a0c8       0x18 
 .data          0x00000000c000a0e0       0x76 build/keyboard.o
 .data          0x00000000c000a156        0x0 build/ioqueue.o
 .data          0x00000000c000a156        0x0 build/tss.o
 .data          0x00000000c000a156        0x0 build/process.o
 .data          0x00000000c000a156        0x0 build/syscall.o
 .data          0x00000000c000a156        0x0 build/syscall-init.o
 .data          0x00000000c000a156        0x0 build/stdio.o
 .data          0x00000000c000a156        0x0 build/stdio-kernel.o
 .data          0x00000000c000a156        0x0 build/ide.o
 .data          0x00000000c000a156        0x0 build/fs.o
 .data          0x00000000c000a156        0x0 build/inode.o
 .data          0x00000000c000a156        0x0 build/file.o

.data1
 *(.data1)
                0x00000000c000a156                _edata = .
                [!provide]                        PROVIDE (edata, .)
                0x00000000c000a156                . = .
                0x00000000c000a156                __bss_start = .

.bss            0x00000000c000a160     0x1a20
 *(.dynbss)
 *(.bss .bss.* .gnu.linkonce.b.*)
 .bss           0x00000000c000a160        0x0 build/main.o
 .bss           0x00000000c000a160        0x0 build/init.o
 .bss           0x00000000c000a160      0x408 build/interrupt.o
 .bss           0x00000000c000a568        0x0 build/timer.o
 .bss           0x00000000c000a568        0x0 build/debug.o
 .bss           0x00000000c000a568        0x0 build/string.o
 .bss           0x00000000c000a568        0x0 build/bitmap.o
 .bss           0x00000000c000a568        0x0 build/memory.o
 .bss           0x00000000c000a568        0x6 build/thread.o
 .bss           0x00000000c000a56e        0x0 build/list.o
 .bss           0x00000000c000a56e        0x0 build/sync.o
 *fill*         0x00000000c000a56e        0x2 
 .bss           0x00000000c000a570       0x1c build/console.o
 .bss           0x00000000c000a58c       0x14 build/keyboard.o
 .bss           0x00000000c000a5a0        0x0 build/ioqueue.o
 .bss           0x00000000c000a5a0       0x68 build/tss.o
 .bss           0x00000000c000a608        0x0 build/process.o
 .bss           0x00000000c000a608        0x0 build/syscall.o
 .bss           0x00000000c000a608        0x0 build/syscall-init.o
 .bss           0x00000000c000a608        0x0 build/stdio.o
 .bss           0x00000000c000a608        0x0 build/stdio-kernel.o
 .bss           0x00000000c000a608        0x6 build/ide.o
                0x00000000c000a608                ext_lba_base
                0x00000000c000a60c                p_no
                0x00000000c000a60d                l_no
 .bss           0x00000000c000a60e        0x0 build/fs.o
 .bss           0x00000000c000a60e        0x0 build/inode.o
 .bss           0x00000000c000a60e        0x0 build/file.o
 *(COMMON)
 *fill*         0x00000000c000a60e       0x12 
 COMMON         0x00000000c000a620      0x424 build/interrupt.o
                0x00000000c000a620                intr_name
                0x00000000c000a840                idt_table
 COMMON         0x00000000c000aa44        0x4 build/timer.o
                0x00000000c000aa44                ticks
 *fill*         0x00000000c000aa48       0x18 
 COMMON         0x00000000c000aa60      0x12c build/memory.o
                0x00000000c000aa60                user_pool
                0x00000000c000aaa0                k_block_descs
                0x00000000c000ab48                kernel_vaddr
                0x00000000c000ab60                kernel_pool
 COMMON         0x00000000c000ab8c       0x44 build/thread.o
                0x00000000c000ab8c                thread_ready_list
                0x00000000c000ab9c                thread_all_list
                0x00000000c000abac                idle_thread
                0x00000000c000abb0                main_thread
                0x00000000c000abb4                pid_lock
 *fill*         0x00000000c000abd0       0x10 
 COMMON         0x00000000c000abe0       0x70 build/keyboard.o
                0x00000000c000abe0                kbd_buf
 *fill*         0x00000000c000ac50       0x10 
 COMMON         0x00000000c000ac60       0x80 build/syscall-init.o
                0x00000000c000ac60                syscall_table
 COMMON         0x00000000c000ace0      0xd00 build/ide.o
                0x00000000c000ace0                channel_cnt
                0x00000000c000ad00                channels
                0x00000000c000b9d0                partition_list
 COMMON         0x00000000c000b9e0        0x4 build/fs.o
                0x00000000c000b9e0                cur_part
 *fill*         0x00000000c000b9e4       0x1c 
 COMMON         0x00000000c000ba00      0x180 build/file.o
                0x00000000c000ba00                file_table
                0x00000000c000bb80                . = ALIGN ((. != 0x0)?0x4:0x1)
                0x00000000c000bb80                . = ALIGN (0x4)
                0x00000000c000bb80                . = SEGMENT_START ("ldata-segment", .)
                0x00000000c000bb80                . = ALIGN (0x4)
                0x00000000c000bb80                _end = .
                [!provide]                        PROVIDE (end, .)
                0x00000000c000bb80                . = DATA_SEGMENT_END (.)

.stab
 *(.stab)

.stabstr
 *(.stabstr)

.stab.excl
 *(.stab.excl)

.stab.exclstr
 *(.stab.exclstr)

.stab.index
 *(.stab.index)

.stab.indexstr
 *(.stab.indexstr)

.comment        0x0000000000000000       0x35
 *(.comment)
 .comment       0x0000000000000000       0x35 build/main.o
                                         0x36 (size before relaxing)
 .comment       0x0000000000000035       0x36 build/init.o
 .comment       0x0000000000000035       0x36 build/interrupt.o
 .comment       0x0000000000000035       0x36 build/timer.o
 .comment       0x0000000000000035       0x36 build/debug.o
 .comment       0x0000000000000035       0x36 build/string.o
 .comment       0x0000000000000035       0x36 build/bitmap.o
 .comment       0x0000000000000035       0x36 build/memory.o
 .comment       0x0000000000000035       0x36 build/thread.o
 .comment       0x0000000000000035       0x36 build/list.o
 .comment       0x0000000000000035       0x36 build/sync.o
 .comment       0x0000000000000035       0x36 build/console.o
 .comment       0x0000000000000035       0x36 build/keyboard.o
 .comment       0x0000000000000035       0x36 build/ioqueue.o
 .comment       0x0000000000000035       0x36 build/tss.o
 .comment       0x0000000000000035       0x36 build/process.o
 .comment       0x0000000000000035       0x36 build/syscall.o
 .comment       0x0000000000000035       0x36 build/syscall-init.o
 .comment       0x0000000000000035       0x36 build/stdio.o
 .comment       0x0000000000000035       0x36 build/stdio-kernel.o
 .comment       0x0000000000000035       0x36 build/ide.o
 .comment       0x0000000000000035       0x36 build/fs.o
 .comment       0x0000000000000035       0x36 build/inode.o
 .comment       0x0000000000000035       0x36 build/file.o

.debug
 *(.debug)

.line
 *(.line)

.debug_srcinfo
 *(.debug_srcinfo)

.debug_sfnames
 *(.debug_sfnames)

.debug_aranges
 *(.debug_aranges)

.debug_pubnames
 *(.debug_pubnames)

.debug_info
 *(.debug_info .gnu.linkonce.wi.*)

.debug_abbrev
 *(.debug_abbrev)

.debug_line
 *(.debug_line .debug_line.* .debug_line_end)

.debug_frame
 *(.debug_frame)

.debug_str
 *(.debug_str)

.debug_loc
 *(.debug_loc)

.debug_macinfo
 *(.debug_macinfo)

.debug_weaknames
 *(.debug_weaknames)

.debug_funcnames
 *(.debug_funcnames)

.debug_typenames
 *(.debug_typenames)

.debug_varnames
 *(.debug_varnames)

.debug_pubtypes
 *(.debug_pubtypes)

.debug_ranges
 *(.debug_ranges)

.debug_macro
 *(.debug_macro)

.gnu.attributes
 *(.gnu.attributes)

/DISCARD/
 *(.note.GNU-stack)
 *(.gnu_debuglink)
 *(.gnu.lto_*)
OUTPUT(build/kernel.bin elf32-i386)
