
Allocating common symbols
Common symbol       size              file

kbd_buf             0x70              build/keyboard.o
thread_ready_list   0x10              build/thread.o
thread_all_list     0x10              build/thread.o
user_pool           0x2c              build/memory.o
k_block_descs       0xa8              build/memory.o
intr_name           0x204             build/interrupt.o
main_thread         0x4               build/thread.o
ticks               0x4               build/timer.o
kernel_vaddr        0xc               build/memory.o
syscall_table       0x80              build/syscall-init.o
idt_table           0x204             build/interrupt.o
kernel_pool         0x2c              build/memory.o
pid_lock            0x1c              build/thread.o

Discarded input sections

 .note.GNU-stack
                0x0000000000000000        0x0 build/main.o
 .note.GNU-stack
                0x0000000000000000        0x0 build/init.o
 .note.GNU-stack
                0x0000000000000000        0x0 build/interrupt.o
 .note.GNU-stack
                0x0000000000000000        0x0 build/timer.o
 .note.GNU-stack
                0x0000000000000000        0x0 build/debug.o
 .note.GNU-stack
                0x0000000000000000        0x0 build/string.o
 .note.GNU-stack
                0x0000000000000000        0x0 build/bitmap.o
 .note.GNU-stack
                0x0000000000000000        0x0 build/memory.o
 .note.GNU-stack
                0x0000000000000000        0x0 build/thread.o
 .note.GNU-stack
                0x0000000000000000        0x0 build/list.o
 .note.GNU-stack
                0x0000000000000000        0x0 build/sync.o
 .note.GNU-stack
                0x0000000000000000        0x0 build/console.o
 .note.GNU-stack
                0x0000000000000000        0x0 build/keyboard.o
 .note.GNU-stack
                0x0000000000000000        0x0 build/ioqueue.o
 .note.GNU-stack
                0x0000000000000000        0x0 build/tss.o
 .note.GNU-stack
                0x0000000000000000        0x0 build/process.o
 .note.GNU-stack
                0x0000000000000000        0x0 build/syscall.o
 .note.GNU-stack
                0x0000000000000000        0x0 build/syscall-init.o
 .note.GNU-stack
                0x0000000000000000        0x0 build/stdio.o

Memory Configuration

Name             Origin             Length             Attributes
*default*        0x0000000000000000 0xffffffffffffffff

Linker script and memory map

Address of section .text set to 0xc0001500
LOAD build/main.o
LOAD build/init.o
LOAD build/interrupt.o
LOAD build/print.o
LOAD build/kernel.o
LOAD build/timer.o
LOAD build/debug.o
LOAD build/string.o
LOAD build/bitmap.o
LOAD build/memory.o
LOAD build/thread.o
LOAD build/list.o
LOAD build/switch.o
LOAD build/sync.o
LOAD build/console.o
LOAD build/keyboard.o
LOAD build/ioqueue.o
LOAD build/tss.o
LOAD build/process.o
LOAD build/syscall.o
LOAD build/syscall-init.o
LOAD build/stdio.o
                [!provide]                        PROVIDE (__executable_start, 0x8048000)
                0x0000000008048094                . = (0x8048000 + SIZEOF_HEADERS)

.interp
 *(.interp)

.note.gnu.build-id
 *(.note.gnu.build-id)

.hash
 *(.hash)

.gnu.hash
 *(.gnu.hash)

.dynsym
 *(.dynsym)

.dynstr
 *(.dynstr)

.gnu.version
 *(.gnu.version)

.gnu.version_d
 *(.gnu.version_d)

.gnu.version_r
 *(.gnu.version_r)

.rel.dyn        0x0000000008048094        0x0
 *(.rel.init)
 *(.rel.text .rel.text.* .rel.gnu.linkonce.t.*)
 .rel.text      0x0000000008048094        0x0 build/main.o
 *(.rel.fini)
 *(.rel.rodata .rel.rodata.* .rel.gnu.linkonce.r.*)
 *(.rel.data.rel.ro .rel.data.rel.ro.* .rel.gnu.linkonce.d.rel.ro.*)
 *(.rel.data .rel.data.* .rel.gnu.linkonce.d.*)
 *(.rel.tdata .rel.tdata.* .rel.gnu.linkonce.td.*)
 *(.rel.tbss .rel.tbss.* .rel.gnu.linkonce.tb.*)
 *(.rel.ctors)
 *(.rel.dtors)
 *(.rel.got)
 *(.rel.bss .rel.bss.* .rel.gnu.linkonce.b.*)
 *(.rel.ifunc)

.rel.plt        0x0000000008048094        0x0
 *(.rel.plt)
                [!provide]                        PROVIDE (__rel_iplt_start, .)
 *(.rel.iplt)
 .rel.iplt      0x0000000008048094        0x0 build/main.o
                [!provide]                        PROVIDE (__rel_iplt_end, .)

.init
 *(SORT(.init))

.plt            0x00000000080480a0        0x0
 *(.plt)
 *(.iplt)
 .iplt          0x00000000080480a0        0x0 build/main.o

.plt.got
 *(.plt.got)

.text           0x00000000c0001500     0x4122
 *(.text.unlikely .text.*_unlikely .text.unlikely.*)
 *(.text.exit .text.exit.*)
 *(.text.startup .text.startup.*)
 *(.text.hot .text.hot.*)
 *(.text .stub .text.* .gnu.linkonce.t.*)
 .text          0x00000000c0001500      0x461 build/main.o
                0x00000000c0001500                main
                0x00000000c000155f                k_thread_a
                0x00000000c00016af                k_thread_b
                0x00000000c0001913                u_prog_a
                0x00000000c000193a                u_prog_b
 .text          0x00000000c0001961       0x51 build/init.o
                0x00000000c0001961                init_all
 .text          0x00000000c00019b2      0x432 build/interrupt.o
                0x00000000c0001cc8                intr_disable
                0x00000000c0001cf1                intr_enable
                0x00000000c0001d1a                intr_get_status
                0x00000000c0001d3e                intr_set_status
                0x00000000c0001d5c                register_handler
                0x00000000c0001d79                idt_init
 *fill*         0x00000000c0001de4        0xc 
 .text          0x00000000c0001df0      0x172 build/print.o
                0x00000000c0001df0                put_int
                0x00000000c0001e53                put_str
                0x00000000c0001e71                put_char
                0x00000000c0001f3e                set_cursor
 *fill*         0x00000000c0001f62        0xe 
 .text          0x00000000c0001f70      0x3f9 build/kernel.o
                0x00000000c0001f70                intr_exit
                0x00000000c0002345                syscall_handler
 .text          0x00000000c0002369      0x170 build/timer.o
                0x00000000c0002486                timer_init
 .text          0x00000000c00024d9       0xd6 build/debug.o
                0x00000000c00024d9                panic_spin
 .text          0x00000000c00025af      0x3d0 build/string.o
                0x00000000c00025af                memset
                0x00000000c0002601                memcpy
                0x00000000c0002661                memcmp
                0x00000000c00026e4                strcpy
                0x00000000c0002739                strlen
                0x00000000c0002784                strcmp
                0x00000000c00027fd                strchr
                0x00000000c0002855                strrchr
                0x00000000c00028b3                strcat
                0x00000000c000291d                strchrs
 .text          0x00000000c000297f      0x24c build/bitmap.o
                0x00000000c000297f                bitmap_init
                0x00000000c00029a2                bitmap_scan_test
                0x00000000c00029e3                bitmap_scan
                0x00000000c0002b18                bitmap_set
 .text          0x00000000c0002bcb     0x10b4 build/memory.o
                0x00000000c0002f03                pte_ptr
                0x00000000c0002f33                pde_ptr
                0x00000000c00030b2                malloc_page
                0x00000000c0003149                get_kernel_pages
                0x00000000c0003184                get_user_pages
                0x00000000c00031d9                get_a_page
                0x00000000c0003337                addr_v2p
                0x00000000c0003363                block_desc_init
                0x00000000c000341d                sys_malloc
                0x00000000c0003753                pfree
                0x00000000c0003886                mfree_page
                0x00000000c0003a47                sys_free
                0x00000000c0003c2e                mem_init
 .text          0x00000000c0003c7f      0x5b8 build/thread.o
                0x00000000c0003cda                thread_create
                0x00000000c0003d51                init_thread
                0x00000000c0003df5                thread_start
                0x00000000c0003ece                running_thread
                0x00000000c0003f5d                schedule
                0x00000000c000407c                thread_block
                0x00000000c00040df                thread_unblock
                0x00000000c00041d9                thread_init
 .text          0x00000000c0004237      0x1ee build/list.o
                0x00000000c0004237                list_init
                0x00000000c0004265                list_inster_before
                0x00000000c00042aa                list_push
                0x00000000c00042c8                list_append
                0x00000000c00042e6                list_remove
                0x00000000c0004320                list_pop
                0x00000000c0004342                elem_find
                0x00000000c000437d                list_empty
                0x00000000c0004396                list_len
                0x00000000c00043cb                list_traversal
 *fill*         0x00000000c0004425        0xb 
 .text          0x00000000c0004430       0x15 build/switch.o
                0x00000000c0004430                switch_to
 .text          0x00000000c0004445      0x313 build/sync.o
                0x00000000c0004445                sema_init
                0x00000000c000446f                lock_init
                0x00000000c000449f                sema_down
                0x00000000c000459a                sema_up
                0x00000000c0004649                lock_acquire
                0x00000000c00046c0                lock_release
 .text          0x00000000c0004758       0xb6 build/console.o
                0x00000000c0004758                console_init
                0x00000000c0004771                console_acquire
                0x00000000c000478a                console_release
                0x00000000c00047a3                console_put_str
                0x00000000c00047c4                console_put_char
                0x00000000c00047ed                console_put_int
 .text          0x00000000c000480e      0x2e6 build/keyboard.o
                0x00000000c0004aa9                keyboard_init
 .text          0x00000000c0004af4      0x2ee build/ioqueue.o
                0x00000000c0004af4                ioqueue_init
                0x00000000c0004b54                ioq_full
                0x00000000c0004c6d                ioq_getchar
                0x00000000c0004d26                ioq_putchar
 .text          0x00000000c0004de2      0x1ac build/tss.o
                0x00000000c0004de2                update_tss_esp
                0x00000000c0004e64                tss_init
 .text          0x00000000c0004f8e      0x366 build/process.o
                0x00000000c0004f8e                start_process
                0x00000000c0005092                page_dir_activate
                0x00000000c00050c7                process_activate
                0x00000000c0005115                create_page_dir
                0x00000000c000518d                create_user_vaddr_bitmap
                0x00000000c00051d9                process_execute
 .text          0x00000000c00052f4       0x34 build/syscall.o
                0x00000000c00052f4                getpid
                0x00000000c0005309                write
 .text          0x00000000c0005328       0x73 build/syscall-init.o
                0x00000000c0005328                sys_getpid
                0x00000000c000533a                sys_write
                0x00000000c000535e                syscall_init
 .text          0x00000000c000539b      0x287 build/stdio.o
                0x00000000c000541a                vsprintf
                0x00000000c0005597                printf
                0x00000000c00055f2                sprintf
 *(.gnu.warning)

.fini
 *(SORT(.fini))
                [!provide]                        PROVIDE (__etext, .)
                [!provide]                        PROVIDE (_etext, .)
                [!provide]                        PROVIDE (etext, .)

.rodata         0x00000000c0005624      0xdf3
 *(.rodata .rodata.* .gnu.linkonce.r.*)
 .rodata        0x00000000c0005624       0xa4 build/main.o
 .rodata        0x00000000c00056c8       0x1f build/init.o
 *fill*         0x00000000c00056e7        0x1 
 .rodata        0x00000000c00056e8      0x1d4 build/interrupt.o
 .rodata        0x00000000c00058bc       0x6b build/timer.o
 .rodata        0x00000000c0005927       0x3b build/debug.o
 *fill*         0x00000000c0005962        0x2 
 .rodata        0x00000000c0005964       0xc4 build/string.o
 .rodata        0x00000000c0005a28       0x67 build/bitmap.o
 *fill*         0x00000000c0005a8f        0x1 
 .rodata        0x00000000c0005a90      0x385 build/memory.o
 *fill*         0x00000000c0005e15        0x3 
 .rodata        0x00000000c0005e18      0x2af build/thread.o
 *fill*         0x00000000c00060c7        0x1 
 .rodata        0x00000000c00060c8      0x12d build/sync.o
 .rodata        0x00000000c00061f5       0x4f build/keyboard.o
 .rodata        0x00000000c0006244       0xa8 build/ioqueue.o
 .rodata        0x00000000c00062ec       0x27 build/tss.o
 *fill*         0x00000000c0006313        0x1 
 .rodata        0x00000000c0006314       0xdc build/process.o
 .rodata        0x00000000c00063f0       0x27 build/syscall-init.o

.rodata1
 *(.rodata1)

.eh_frame_hdr
 *(.eh_frame_hdr)
 *(.eh_frame_entry .eh_frame_entry.*)

.eh_frame       0x00000000c0006418      0xf40
 *(.eh_frame)
 .eh_frame      0x00000000c0006418       0xac build/main.o
 .eh_frame      0x00000000c00064c4       0x20 build/init.o
                                         0x38 (size before relaxing)
 .eh_frame      0x00000000c00064e4      0x184 build/interrupt.o
                                        0x19c (size before relaxing)
 .eh_frame      0x00000000c0006668       0x88 build/timer.o
                                         0xa0 (size before relaxing)
 .eh_frame      0x00000000c00066f0       0x1c build/debug.o
                                         0x34 (size before relaxing)
 .eh_frame      0x00000000c000670c      0x140 build/string.o
                                        0x158 (size before relaxing)
 .eh_frame      0x00000000c000684c       0x8c build/bitmap.o
                                         0xa4 (size before relaxing)
 .eh_frame      0x00000000c00068d8      0x2a0 build/memory.o
                                        0x2b8 (size before relaxing)
 .eh_frame      0x00000000c0006b78      0x160 build/thread.o
                                        0x178 (size before relaxing)
 .eh_frame      0x00000000c0006cd8      0x140 build/list.o
                                        0x158 (size before relaxing)
 .eh_frame      0x00000000c0006e18       0xc8 build/sync.o
                                         0xe0 (size before relaxing)
 .eh_frame      0x00000000c0006ee0       0xc0 build/console.o
                                         0xd8 (size before relaxing)
 .eh_frame      0x00000000c0006fa0       0x60 build/keyboard.o
                                         0x78 (size before relaxing)
 .eh_frame      0x00000000c0007000      0x100 build/ioqueue.o
                                        0x118 (size before relaxing)
 .eh_frame      0x00000000c0007100       0x70 build/tss.o
                                         0x88 (size before relaxing)
 .eh_frame      0x00000000c0007170       0xc0 build/process.o
                                         0xd8 (size before relaxing)
 .eh_frame      0x00000000c0007230       0x44 build/syscall.o
                                         0x5c (size before relaxing)
 .eh_frame      0x00000000c0007274       0x60 build/syscall-init.o
                                         0x78 (size before relaxing)
 .eh_frame      0x00000000c00072d4       0x84 build/stdio.o
                                         0x9c (size before relaxing)
 *(.eh_frame.*)

.gcc_except_table
 *(.gcc_except_table .gcc_except_table.*)

.gnu_extab
 *(.gnu_extab*)

.exception_ranges
 *(.exception_ranges .exception_ranges*)
                0x00000000c0008358                . = DATA_SEGMENT_ALIGN (0x1000, 0x1000)

.eh_frame
 *(.eh_frame)
 *(.eh_frame.*)

.gnu_extab
 *(.gnu_extab)

.gcc_except_table
 *(.gcc_except_table .gcc_except_table.*)

.exception_ranges
 *(.exception_ranges .exception_ranges*)

.tdata
 *(.tdata .tdata.* .gnu.linkonce.td.*)

.tbss
 *(.tbss .tbss.* .gnu.linkonce.tb.*)
 *(.tcommon)

.preinit_array  0x00000000c0008358        0x0
                [!provide]                        PROVIDE (__preinit_array_start, .)
 *(.preinit_array)
                [!provide]                        PROVIDE (__preinit_array_end, .)

.init_array     0x00000000c0008358        0x0
                [!provide]                        PROVIDE (__init_array_start, .)
 *(SORT(.init_array.*) SORT(.ctors.*))
 *(.init_array EXCLUDE_FILE(*crtend?.o *crtend.o *crtbegin?.o *crtbegin.o) .ctors)
                [!provide]                        PROVIDE (__init_array_end, .)

.fini_array     0x00000000c0008358        0x0
                [!provide]                        PROVIDE (__fini_array_start, .)
 *(SORT(.fini_array.*) SORT(.dtors.*))
 *(.fini_array EXCLUDE_FILE(*crtend?.o *crtend.o *crtbegin?.o *crtbegin.o) .dtors)
                [!provide]                        PROVIDE (__fini_array_end, .)

.ctors
 *crtbegin.o(.ctors)
 *crtbegin?.o(.ctors)
 *(EXCLUDE_FILE(*crtend?.o *crtend.o) .ctors)
 *(SORT(.ctors.*))
 *(.ctors)

.dtors
 *crtbegin.o(.dtors)
 *crtbegin?.o(.dtors)
 *(EXCLUDE_FILE(*crtend?.o *crtend.o) .dtors)
 *(SORT(.dtors.*))
 *(.dtors)

.jcr
 *(.jcr)

.data.rel.ro
 *(.data.rel.ro.local* .gnu.linkonce.d.rel.ro.local.*)
 *(.data.rel.ro .data.rel.ro.* .gnu.linkonce.d.rel.ro.*)

.dynamic
 *(.dynamic)

.got
 *(.got)
 *(.igot)
                0x00000000c0008358                . = DATA_SEGMENT_RELRO_END (., (SIZEOF (.got.plt) >= 0xc)?0xc:0x0)

.got.plt        0x00000000c0008358        0x0
 *(.got.plt)
 *(.igot.plt)
 .igot.plt      0x00000000c0008358        0x0 build/main.o

.data           0x00000000c0008360      0x116
 *(.data .data.* .gnu.linkonce.d.*)
 .data          0x00000000c0008360        0x0 build/main.o
 .data          0x00000000c0008360        0x0 build/init.o
 .data          0x00000000c0008360        0x0 build/interrupt.o
 .data          0x00000000c0008360        0x8 build/print.o
 .data          0x00000000c0008368       0x8c build/kernel.o
                0x00000000c0008368                intr_entry_table
 .data          0x00000000c00083f4        0x0 build/timer.o
 .data          0x00000000c00083f4        0x0 build/debug.o
 .data          0x00000000c00083f4        0x0 build/string.o
 .data          0x00000000c00083f4        0x0 build/bitmap.o
 .data          0x00000000c00083f4        0x0 build/memory.o
 .data          0x00000000c00083f4        0x0 build/thread.o
 .data          0x00000000c00083f4        0x0 build/list.o
 .data          0x00000000c00083f4        0x0 build/sync.o
 .data          0x00000000c00083f4        0x0 build/console.o
 *fill*         0x00000000c00083f4        0xc 
 .data          0x00000000c0008400       0x76 build/keyboard.o
 .data          0x00000000c0008476        0x0 build/ioqueue.o
 .data          0x00000000c0008476        0x0 build/tss.o
 .data          0x00000000c0008476        0x0 build/process.o
 .data          0x00000000c0008476        0x0 build/syscall.o
 .data          0x00000000c0008476        0x0 build/syscall-init.o
 .data          0x00000000c0008476        0x0 build/stdio.o

.data1
 *(.data1)
                0x00000000c0008476                _edata = .
                [!provide]                        PROVIDE (edata, .)
                0x00000000c0008476                . = .
                0x00000000c0008476                __bss_start = .

.bss            0x00000000c0008480      0xb80
 *(.dynbss)
 *(.bss .bss.* .gnu.linkonce.b.*)
 .bss           0x00000000c0008480        0x0 build/main.o
 .bss           0x00000000c0008480        0x0 build/init.o
 .bss           0x00000000c0008480      0x408 build/interrupt.o
 .bss           0x00000000c0008888        0x0 build/timer.o
 .bss           0x00000000c0008888        0x0 build/debug.o
 .bss           0x00000000c0008888        0x0 build/string.o
 .bss           0x00000000c0008888        0x0 build/bitmap.o
 .bss           0x00000000c0008888        0x0 build/memory.o
 .bss           0x00000000c0008888        0x6 build/thread.o
 .bss           0x00000000c000888e        0x0 build/list.o
 .bss           0x00000000c000888e        0x0 build/sync.o
 *fill*         0x00000000c000888e        0x2 
 .bss           0x00000000c0008890       0x1c build/console.o
 .bss           0x00000000c00088ac       0x14 build/keyboard.o
 .bss           0x00000000c00088c0        0x0 build/ioqueue.o
 .bss           0x00000000c00088c0       0x68 build/tss.o
 .bss           0x00000000c0008928        0x0 build/process.o
 .bss           0x00000000c0008928        0x0 build/syscall.o
 .bss           0x00000000c0008928        0x0 build/syscall-init.o
 .bss           0x00000000c0008928        0x0 build/stdio.o
 *(COMMON)
 *fill*         0x00000000c0008928       0x18 
 COMMON         0x00000000c0008940      0x424 build/interrupt.o
                0x00000000c0008940                intr_name
                0x00000000c0008b60                idt_table
 COMMON         0x00000000c0008d64        0x4 build/timer.o
                0x00000000c0008d64                ticks
 *fill*         0x00000000c0008d68       0x18 
 COMMON         0x00000000c0008d80      0x12c build/memory.o
                0x00000000c0008d80                user_pool
                0x00000000c0008dc0                k_block_descs
                0x00000000c0008e68                kernel_vaddr
                0x00000000c0008e80                kernel_pool
 COMMON         0x00000000c0008eac       0x40 build/thread.o
                0x00000000c0008eac                thread_ready_list
                0x00000000c0008ebc                thread_all_list
                0x00000000c0008ecc                main_thread
                0x00000000c0008ed0                pid_lock
 *fill*         0x00000000c0008eec       0x14 
 COMMON         0x00000000c0008f00       0x70 build/keyboard.o
                0x00000000c0008f00                kbd_buf
 *fill*         0x00000000c0008f70       0x10 
 COMMON         0x00000000c0008f80       0x80 build/syscall-init.o
                0x00000000c0008f80                syscall_table
                0x00000000c0009000                . = ALIGN ((. != 0x0)?0x4:0x1)
                0x00000000c0009000                . = ALIGN (0x4)
                0x00000000c0009000                . = SEGMENT_START ("ldata-segment", .)
                0x00000000c0009000                . = ALIGN (0x4)
                0x00000000c0009000                _end = .
                [!provide]                        PROVIDE (end, .)
                0x00000000c0009000                . = DATA_SEGMENT_END (.)

.stab
 *(.stab)

.stabstr
 *(.stabstr)

.stab.excl
 *(.stab.excl)

.stab.exclstr
 *(.stab.exclstr)

.stab.index
 *(.stab.index)

.stab.indexstr
 *(.stab.indexstr)

.comment        0x0000000000000000       0x35
 *(.comment)
 .comment       0x0000000000000000       0x35 build/main.o
                                         0x36 (size before relaxing)
 .comment       0x0000000000000035       0x36 build/init.o
 .comment       0x0000000000000035       0x36 build/interrupt.o
 .comment       0x0000000000000035       0x36 build/timer.o
 .comment       0x0000000000000035       0x36 build/debug.o
 .comment       0x0000000000000035       0x36 build/string.o
 .comment       0x0000000000000035       0x36 build/bitmap.o
 .comment       0x0000000000000035       0x36 build/memory.o
 .comment       0x0000000000000035       0x36 build/thread.o
 .comment       0x0000000000000035       0x36 build/list.o
 .comment       0x0000000000000035       0x36 build/sync.o
 .comment       0x0000000000000035       0x36 build/console.o
 .comment       0x0000000000000035       0x36 build/keyboard.o
 .comment       0x0000000000000035       0x36 build/ioqueue.o
 .comment       0x0000000000000035       0x36 build/tss.o
 .comment       0x0000000000000035       0x36 build/process.o
 .comment       0x0000000000000035       0x36 build/syscall.o
 .comment       0x0000000000000035       0x36 build/syscall-init.o
 .comment       0x0000000000000035       0x36 build/stdio.o

.debug
 *(.debug)

.line
 *(.line)

.debug_srcinfo
 *(.debug_srcinfo)

.debug_sfnames
 *(.debug_sfnames)

.debug_aranges
 *(.debug_aranges)

.debug_pubnames
 *(.debug_pubnames)

.debug_info
 *(.debug_info .gnu.linkonce.wi.*)

.debug_abbrev
 *(.debug_abbrev)

.debug_line
 *(.debug_line .debug_line.* .debug_line_end)

.debug_frame
 *(.debug_frame)

.debug_str
 *(.debug_str)

.debug_loc
 *(.debug_loc)

.debug_macinfo
 *(.debug_macinfo)

.debug_weaknames
 *(.debug_weaknames)

.debug_funcnames
 *(.debug_funcnames)

.debug_typenames
 *(.debug_typenames)

.debug_varnames
 *(.debug_varnames)

.debug_pubtypes
 *(.debug_pubtypes)

.debug_ranges
 *(.debug_ranges)

.debug_macro
 *(.debug_macro)

.gnu.attributes
 *(.gnu.attributes)

/DISCARD/
 *(.note.GNU-stack)
 *(.gnu_debuglink)
 *(.gnu.lto_*)
OUTPUT(build/kernel.bin elf32-i386)
